[2023-06-26T19:39:45.091+0200][gc,heap] Heap region size: 1M
[2023-06-26T19:39:45.112+0200][gc     ] Using G1
[2023-06-26T19:39:45.112+0200][gc,heap,coops] Heap address: 0x00000000c0000000, size: 1024 MB, Compressed Oops mode: 32-bit
[2023-06-26T19:39:45.113+0200][gc,cds       ] Mark closed archive regions in map: [0x00000000fff00000, 0x00000000fff6aff8]
[2023-06-26T19:39:45.113+0200][gc,cds       ] Mark open archive regions in map: [0x00000000ffe00000, 0x00000000ffe46ff8]
[2023-06-26T19:39:46.104+0200][gc,start     ] GC(0) Pause Young (Normal) (G1 Evacuation Pause)
[2023-06-26T19:39:46.106+0200][gc,task      ] GC(0) Using 8 workers of 8 for evacuation
[2023-06-26T19:39:46.124+0200][gc,phases    ] GC(0)   Pre Evacuate Collection Set: 0,0ms
[2023-06-26T19:39:46.124+0200][gc,phases    ] GC(0)   Evacuate Collection Set: 17,6ms
[2023-06-26T19:39:46.124+0200][gc,phases    ] GC(0)   Post Evacuate Collection Set: 0,5ms
[2023-06-26T19:39:46.124+0200][gc,phases    ] GC(0)   Other: 2,3ms
[2023-06-26T19:39:46.124+0200][gc,heap      ] GC(0) Eden regions: 51->0(44)
[2023-06-26T19:39:46.124+0200][gc,heap      ] GC(0) Survivor regions: 0->7(7)
[2023-06-26T19:39:46.124+0200][gc,heap      ] GC(0) Old regions: 2->2
[2023-06-26T19:39:46.124+0200][gc,heap      ] GC(0) Humongous regions: 0->0
[2023-06-26T19:39:46.124+0200][gc,metaspace ] GC(0) Metaspace: 14241K(15104K)->14241K(15104K) NonClass: 12497K(13056K)->12497K(13056K) Class: 1744K(2048K)->1744K(2048K)
[2023-06-26T19:39:46.125+0200][gc           ] GC(0) Pause Young (Normal) (G1 Evacuation Pause) 51M->7M(1024M) 20,452ms
[2023-06-26T19:39:46.125+0200][gc,cpu       ] GC(0) User=0,10s Sys=0,00s Real=0,02s
[2023-06-26T19:39:46.708+0200][gc,start     ] GC(1) Pause Young (Concurrent Start) (Metadata GC Threshold)
[2023-06-26T19:39:46.708+0200][gc,task      ] GC(1) Using 8 workers of 8 for evacuation
[2023-06-26T19:39:46.730+0200][gc,mmu       ] GC(1) MMU target violated: 21,0ms (20,0ms/21,0ms)
[2023-06-26T19:39:46.730+0200][gc,phases    ] GC(1)   Pre Evacuate Collection Set: 0,1ms
[2023-06-26T19:39:46.730+0200][gc,phases    ] GC(1)   Evacuate Collection Set: 21,5ms
[2023-06-26T19:39:46.730+0200][gc,phases    ] GC(1)   Post Evacuate Collection Set: 0,4ms
[2023-06-26T19:39:46.730+0200][gc,phases    ] GC(1)   Other: 0,3ms
[2023-06-26T19:39:46.730+0200][gc,heap      ] GC(1) Eden regions: 30->0(49)
[2023-06-26T19:39:46.730+0200][gc,heap      ] GC(1) Survivor regions: 7->2(7)
[2023-06-26T19:39:46.730+0200][gc,heap      ] GC(1) Old regions: 2->9
[2023-06-26T19:39:46.731+0200][gc,heap      ] GC(1) Humongous regions: 0->0
[2023-06-26T19:39:46.731+0200][gc,metaspace ] GC(1) Metaspace: 20573K(21248K)->20573K(21248K) NonClass: 18094K(18432K)->18094K(18432K) Class: 2478K(2816K)->2478K(2816K)
[2023-06-26T19:39:46.731+0200][gc           ] GC(1) Pause Young (Concurrent Start) (Metadata GC Threshold) 36M->8M(1024M) 22,400ms
[2023-06-26T19:39:46.731+0200][gc,cpu       ] GC(1) User=0,04s Sys=0,01s Real=0,02s
[2023-06-26T19:39:46.731+0200][gc           ] GC(2) Concurrent Cycle
[2023-06-26T19:39:46.731+0200][gc,marking   ] GC(2) Concurrent Clear Claimed Marks
[2023-06-26T19:39:46.731+0200][gc,marking   ] GC(2) Concurrent Clear Claimed Marks 0,052ms
[2023-06-26T19:39:46.731+0200][gc,marking   ] GC(2) Concurrent Scan Root Regions
[2023-06-26T19:39:46.732+0200][gc,marking   ] GC(2) Concurrent Scan Root Regions 0,946ms
[2023-06-26T19:39:46.732+0200][gc,marking   ] GC(2) Concurrent Mark (1,648s)
[2023-06-26T19:39:46.732+0200][gc,marking   ] GC(2) Concurrent Mark From Roots
[2023-06-26T19:39:46.732+0200][gc,task      ] GC(2) Using 2 workers of 2 for marking
[2023-06-26T19:39:46.738+0200][gc,marking   ] GC(2) Concurrent Mark From Roots 6,351ms
[2023-06-26T19:39:46.738+0200][gc,marking   ] GC(2) Concurrent Preclean
[2023-06-26T19:39:46.738+0200][gc,marking   ] GC(2) Concurrent Preclean 0,147ms
[2023-06-26T19:39:46.738+0200][gc,marking   ] GC(2) Concurrent Mark (1,648s, 1,655s) 6,579ms
[2023-06-26T19:39:46.738+0200][gc,start     ] GC(2) Pause Remark
[2023-06-26T19:39:46.747+0200][gc,stringtable] GC(2) Cleaned string and symbol table, strings: 5133 processed, 0 removed, symbols: 52680 processed, 43 removed
[2023-06-26T19:39:46.747+0200][gc            ] GC(2) Pause Remark 8M->8M(1024M) 8,694ms
[2023-06-26T19:39:46.747+0200][gc,cpu        ] GC(2) User=0,03s Sys=0,00s Real=0,01s
[2023-06-26T19:39:46.747+0200][gc,marking    ] GC(2) Concurrent Rebuild Remembered Sets
[2023-06-26T19:39:46.752+0200][gc,marking    ] GC(2) Concurrent Rebuild Remembered Sets 4,839ms
[2023-06-26T19:39:46.752+0200][gc,start      ] GC(2) Pause Cleanup
[2023-06-26T19:39:46.753+0200][gc            ] GC(2) Pause Cleanup 8M->8M(1024M) 0,235ms
[2023-06-26T19:39:46.753+0200][gc,cpu        ] GC(2) User=0,00s Sys=0,00s Real=0,00s
[2023-06-26T19:39:46.753+0200][gc,marking    ] GC(2) Concurrent Cleanup for Next Mark
[2023-06-26T19:39:46.758+0200][gc,marking    ] GC(2) Concurrent Cleanup for Next Mark 5,144ms
[2023-06-26T19:39:46.758+0200][gc            ] GC(2) Concurrent Cycle 27,560ms
[2023-06-26T19:39:47.872+0200][gc,start      ] GC(3) Pause Young (Normal) (G1 Evacuation Pause)
[2023-06-26T19:39:47.872+0200][gc,task       ] GC(3) Using 8 workers of 8 for evacuation
[2023-06-26T19:39:47.876+0200][gc,phases     ] GC(3)   Pre Evacuate Collection Set: 0,0ms
[2023-06-26T19:39:47.876+0200][gc,phases     ] GC(3)   Evacuate Collection Set: 3,6ms
[2023-06-26T19:39:47.876+0200][gc,phases     ] GC(3)   Post Evacuate Collection Set: 0,4ms
[2023-06-26T19:39:47.876+0200][gc,phases     ] GC(3)   Other: 0,1ms
[2023-06-26T19:39:47.876+0200][gc,heap       ] GC(3) Eden regions: 49->0(47)
[2023-06-26T19:39:47.876+0200][gc,heap       ] GC(3) Survivor regions: 2->4(7)
[2023-06-26T19:39:47.876+0200][gc,heap       ] GC(3) Old regions: 9->9
[2023-06-26T19:39:47.876+0200][gc,heap       ] GC(3) Humongous regions: 129->129
[2023-06-26T19:39:47.876+0200][gc,metaspace  ] GC(3) Metaspace: 28769K(29952K)->28769K(29952K) NonClass: 25418K(26112K)->25418K(26112K) Class: 3351K(3840K)->3351K(3840K)
[2023-06-26T19:39:47.876+0200][gc            ] GC(3) Pause Young (Normal) (G1 Evacuation Pause) 186M->139M(1024M) 4,239ms
[2023-06-26T19:39:47.876+0200][gc,cpu        ] GC(3) User=0,02s Sys=0,00s Real=0,01s
[2023-06-26T19:39:48.501+0200][gc,start      ] GC(4) Pause Young (Concurrent Start) (Metadata GC Threshold)
[2023-06-26T19:39:48.501+0200][gc,task       ] GC(4) Using 8 workers of 8 for evacuation
[2023-06-26T19:39:48.511+0200][gc,phases     ] GC(4)   Pre Evacuate Collection Set: 0,1ms
[2023-06-26T19:39:48.512+0200][gc,phases     ] GC(4)   Evacuate Collection Set: 9,9ms
[2023-06-26T19:39:48.512+0200][gc,phases     ] GC(4)   Post Evacuate Collection Set: 0,5ms
[2023-06-26T19:39:48.512+0200][gc,phases     ] GC(4)   Other: 0,3ms
[2023-06-26T19:39:48.512+0200][gc,heap       ] GC(4) Eden regions: 35->0(44)
[2023-06-26T19:39:48.512+0200][gc,heap       ] GC(4) Survivor regions: 4->7(7)
[2023-06-26T19:39:48.512+0200][gc,heap       ] GC(4) Old regions: 9->9
[2023-06-26T19:39:48.512+0200][gc,heap       ] GC(4) Humongous regions: 129->129
[2023-06-26T19:39:48.512+0200][gc,metaspace  ] GC(4) Metaspace: 34415K(35840K)->34415K(35840K) NonClass: 30390K(31104K)->30390K(31104K) Class: 4025K(4736K)->4025K(4736K)
[2023-06-26T19:39:48.512+0200][gc            ] GC(4) Pause Young (Concurrent Start) (Metadata GC Threshold) 173M->142M(1024M) 10,931ms
[2023-06-26T19:39:48.512+0200][gc,cpu        ] GC(4) User=0,04s Sys=0,00s Real=0,01s
[2023-06-26T19:39:48.512+0200][gc            ] GC(5) Concurrent Cycle
[2023-06-26T19:39:48.512+0200][gc,marking    ] GC(5) Concurrent Clear Claimed Marks
[2023-06-26T19:39:48.512+0200][gc,marking    ] GC(5) Concurrent Clear Claimed Marks 0,036ms
[2023-06-26T19:39:48.512+0200][gc,marking    ] GC(5) Concurrent Scan Root Regions
[2023-06-26T19:39:48.515+0200][gc,marking    ] GC(5) Concurrent Scan Root Regions 3,253ms
[2023-06-26T19:39:48.515+0200][gc,marking    ] GC(5) Concurrent Mark (3,432s)
[2023-06-26T19:39:48.515+0200][gc,marking    ] GC(5) Concurrent Mark From Roots
[2023-06-26T19:39:48.515+0200][gc,task       ] GC(5) Using 2 workers of 2 for marking
[2023-06-26T19:39:48.524+0200][gc,marking    ] GC(5) Concurrent Mark From Roots 8,687ms
[2023-06-26T19:39:48.524+0200][gc,marking    ] GC(5) Concurrent Preclean
[2023-06-26T19:39:48.524+0200][gc,marking    ] GC(5) Concurrent Preclean 0,120ms
[2023-06-26T19:39:48.524+0200][gc,marking    ] GC(5) Concurrent Mark (3,432s, 3,440s) 8,883ms
[2023-06-26T19:39:48.525+0200][gc,start      ] GC(5) Pause Remark
[2023-06-26T19:39:48.537+0200][gc,stringtable] GC(5) Cleaned string and symbol table, strings: 10423 processed, 10 removed, symbols: 83105 processed, 14 removed
[2023-06-26T19:39:48.538+0200][gc            ] GC(5) Pause Remark 143M->143M(1024M) 12,953ms
[2023-06-26T19:39:48.538+0200][gc,cpu        ] GC(5) User=0,04s Sys=0,01s Real=0,01s
[2023-06-26T19:39:48.538+0200][gc,marking    ] GC(5) Concurrent Rebuild Remembered Sets
[2023-06-26T19:39:48.542+0200][gc,marking    ] GC(5) Concurrent Rebuild Remembered Sets 4,161ms
[2023-06-26T19:39:48.542+0200][gc,start      ] GC(5) Pause Cleanup
[2023-06-26T19:39:48.542+0200][gc            ] GC(5) Pause Cleanup 143M->143M(1024M) 0,211ms
[2023-06-26T19:39:48.542+0200][gc,cpu        ] GC(5) User=0,00s Sys=0,00s Real=0,00s
[2023-06-26T19:39:48.542+0200][gc,marking    ] GC(5) Concurrent Cleanup for Next Mark
[2023-06-26T19:39:48.557+0200][gc,marking    ] GC(5) Concurrent Cleanup for Next Mark 14,259ms
[2023-06-26T19:39:48.557+0200][gc            ] GC(5) Concurrent Cycle 44,926ms
[2023-06-26T19:40:30.795+0200][gc,start      ] GC(6) Pause Young (Normal) (G1 Evacuation Pause)
[2023-06-26T19:40:30.795+0200][gc,task       ] GC(6) Using 8 workers of 8 for evacuation
[2023-06-26T19:40:30.803+0200][gc,phases     ] GC(6)   Pre Evacuate Collection Set: 0,0ms
[2023-06-26T19:40:30.803+0200][gc,phases     ] GC(6)   Evacuate Collection Set: 7,1ms
[2023-06-26T19:40:30.803+0200][gc,phases     ] GC(6)   Post Evacuate Collection Set: 0,6ms
[2023-06-26T19:40:30.803+0200][gc,phases     ] GC(6)   Other: 0,2ms
[2023-06-26T19:40:30.803+0200][gc,heap       ] GC(6) Eden regions: 44->0(45)
[2023-06-26T19:40:30.803+0200][gc,heap       ] GC(6) Survivor regions: 7->6(7)
[2023-06-26T19:40:30.803+0200][gc,heap       ] GC(6) Old regions: 9->12
[2023-06-26T19:40:30.803+0200][gc,heap       ] GC(6) Humongous regions: 135->129
[2023-06-26T19:40:30.803+0200][gc,metaspace  ] GC(6) Metaspace: 41534K(44160K)->41534K(44160K) NonClass: 36085K(37376K)->36085K(37376K) Class: 5448K(6784K)->5448K(6784K)
[2023-06-26T19:40:30.803+0200][gc            ] GC(6) Pause Young (Normal) (G1 Evacuation Pause) 192M->144M(1024M) 7,986ms
[2023-06-26T19:40:30.803+0200][gc,cpu        ] GC(6) User=0,06s Sys=0,00s Real=0,01s
