[2023-06-03T11:37:52.895+0200][gc,heap] Heap region size: 1M
[2023-06-03T11:37:52.915+0200][gc     ] Using G1
[2023-06-03T11:37:52.915+0200][gc,heap,coops] Heap address: 0x00000000c0000000, size: 1024 MB, Compressed Oops mode: 32-bit
[2023-06-03T11:37:52.916+0200][gc,cds       ] Mark closed archive regions in map: [0x00000000fff00000, 0x00000000fff6aff8]
[2023-06-03T11:37:52.916+0200][gc,cds       ] Mark open archive regions in map: [0x00000000ffe00000, 0x00000000ffe46ff8]
[2023-06-03T11:37:53.477+0200][gc,start     ] GC(0) Pause Young (Normal) (G1 Evacuation Pause)
[2023-06-03T11:37:53.478+0200][gc,task      ] GC(0) Using 8 workers of 8 for evacuation
[2023-06-03T11:37:53.485+0200][gc,phases    ] GC(0)   Pre Evacuate Collection Set: 0,0ms
[2023-06-03T11:37:53.485+0200][gc,phases    ] GC(0)   Evacuate Collection Set: 6,5ms
[2023-06-03T11:37:53.485+0200][gc,phases    ] GC(0)   Post Evacuate Collection Set: 0,8ms
[2023-06-03T11:37:53.485+0200][gc,phases    ] GC(0)   Other: 0,5ms
[2023-06-03T11:37:53.485+0200][gc,heap      ] GC(0) Eden regions: 51->0(44)
[2023-06-03T11:37:53.485+0200][gc,heap      ] GC(0) Survivor regions: 0->7(7)
[2023-06-03T11:37:53.485+0200][gc,heap      ] GC(0) Old regions: 2->2
[2023-06-03T11:37:53.485+0200][gc,heap      ] GC(0) Humongous regions: 0->0
[2023-06-03T11:37:53.485+0200][gc,metaspace ] GC(0) Metaspace: 14220K(15104K)->14220K(15104K) NonClass: 12474K(13056K)->12474K(13056K) Class: 1746K(2048K)->1746K(2048K)
[2023-06-03T11:37:53.485+0200][gc           ] GC(0) Pause Young (Normal) (G1 Evacuation Pause) 51M->7M(1024M) 7,927ms
[2023-06-03T11:37:53.485+0200][gc,cpu       ] GC(0) User=0,05s Sys=0,00s Real=0,01s
[2023-06-03T11:37:53.910+0200][gc,start     ] GC(1) Pause Young (Concurrent Start) (Metadata GC Threshold)
[2023-06-03T11:37:53.910+0200][gc,task      ] GC(1) Using 8 workers of 8 for evacuation
[2023-06-03T11:37:53.922+0200][gc,phases    ] GC(1)   Pre Evacuate Collection Set: 0,1ms
[2023-06-03T11:37:53.922+0200][gc,phases    ] GC(1)   Evacuate Collection Set: 11,6ms
[2023-06-03T11:37:53.922+0200][gc,phases    ] GC(1)   Post Evacuate Collection Set: 0,2ms
[2023-06-03T11:37:53.922+0200][gc,phases    ] GC(1)   Other: 0,2ms
[2023-06-03T11:37:53.922+0200][gc,heap      ] GC(1) Eden regions: 30->0(49)
[2023-06-03T11:37:53.922+0200][gc,heap      ] GC(1) Survivor regions: 7->2(7)
[2023-06-03T11:37:53.922+0200][gc,heap      ] GC(1) Old regions: 2->9
[2023-06-03T11:37:53.922+0200][gc,heap      ] GC(1) Humongous regions: 0->0
[2023-06-03T11:37:53.922+0200][gc,metaspace ] GC(1) Metaspace: 20598K(21248K)->20598K(21248K) NonClass: 18103K(18432K)->18103K(18432K) Class: 2495K(2816K)->2495K(2816K)
[2023-06-03T11:37:53.922+0200][gc           ] GC(1) Pause Young (Concurrent Start) (Metadata GC Threshold) 36M->8M(1024M) 12,104ms
[2023-06-03T11:37:53.922+0200][gc,cpu       ] GC(1) User=0,03s Sys=0,01s Real=0,01s
[2023-06-03T11:37:53.922+0200][gc           ] GC(2) Concurrent Cycle
[2023-06-03T11:37:53.922+0200][gc,marking   ] GC(2) Concurrent Clear Claimed Marks
[2023-06-03T11:37:53.922+0200][gc,marking   ] GC(2) Concurrent Clear Claimed Marks 0,013ms
[2023-06-03T11:37:53.922+0200][gc,marking   ] GC(2) Concurrent Scan Root Regions
[2023-06-03T11:37:53.923+0200][gc,marking   ] GC(2) Concurrent Scan Root Regions 0,939ms
[2023-06-03T11:37:53.923+0200][gc,marking   ] GC(2) Concurrent Mark (1,036s)
[2023-06-03T11:37:53.923+0200][gc,marking   ] GC(2) Concurrent Mark From Roots
[2023-06-03T11:37:53.923+0200][gc,task      ] GC(2) Using 2 workers of 2 for marking
[2023-06-03T11:37:53.928+0200][gc,marking   ] GC(2) Concurrent Mark From Roots 4,912ms
[2023-06-03T11:37:53.928+0200][gc,marking   ] GC(2) Concurrent Preclean
[2023-06-03T11:37:53.928+0200][gc,marking   ] GC(2) Concurrent Preclean 0,075ms
[2023-06-03T11:37:53.928+0200][gc,marking   ] GC(2) Concurrent Mark (1,036s, 1,041s) 5,021ms
[2023-06-03T11:37:53.928+0200][gc,start     ] GC(2) Pause Remark
[2023-06-03T11:37:53.930+0200][gc,stringtable] GC(2) Cleaned string and symbol table, strings: 5200 processed, 0 removed, symbols: 53013 processed, 45 removed
[2023-06-03T11:37:53.930+0200][gc            ] GC(2) Pause Remark 8M->8M(1024M) 2,296ms
[2023-06-03T11:37:53.930+0200][gc,cpu        ] GC(2) User=0,01s Sys=0,00s Real=0,00s
[2023-06-03T11:37:53.930+0200][gc,marking    ] GC(2) Concurrent Rebuild Remembered Sets
[2023-06-03T11:37:53.933+0200][gc,marking    ] GC(2) Concurrent Rebuild Remembered Sets 2,667ms
[2023-06-03T11:37:53.933+0200][gc,start      ] GC(2) Pause Cleanup
[2023-06-03T11:37:53.933+0200][gc            ] GC(2) Pause Cleanup 8M->8M(1024M) 0,198ms
[2023-06-03T11:37:53.933+0200][gc,cpu        ] GC(2) User=0,00s Sys=0,00s Real=0,00s
[2023-06-03T11:37:53.933+0200][gc,marking    ] GC(2) Concurrent Cleanup for Next Mark
[2023-06-03T11:37:53.937+0200][gc,marking    ] GC(2) Concurrent Cleanup for Next Mark 3,159ms
[2023-06-03T11:37:53.937+0200][gc            ] GC(2) Concurrent Cycle 14,788ms
[2023-06-03T11:37:54.514+0200][gc,start      ] GC(3) Pause Young (Normal) (G1 Evacuation Pause)
[2023-06-03T11:37:54.514+0200][gc,task       ] GC(3) Using 8 workers of 8 for evacuation
[2023-06-03T11:37:54.518+0200][gc,phases     ] GC(3)   Pre Evacuate Collection Set: 0,0ms
[2023-06-03T11:37:54.518+0200][gc,phases     ] GC(3)   Evacuate Collection Set: 3,5ms
[2023-06-03T11:37:54.518+0200][gc,phases     ] GC(3)   Post Evacuate Collection Set: 0,4ms
[2023-06-03T11:37:54.518+0200][gc,phases     ] GC(3)   Other: 0,1ms
[2023-06-03T11:37:54.518+0200][gc,heap       ] GC(3) Eden regions: 49->0(46)
[2023-06-03T11:37:54.518+0200][gc,heap       ] GC(3) Survivor regions: 2->5(7)
[2023-06-03T11:37:54.518+0200][gc,heap       ] GC(3) Old regions: 9->9
[2023-06-03T11:37:54.518+0200][gc,heap       ] GC(3) Humongous regions: 129->129
[2023-06-03T11:37:54.518+0200][gc,metaspace  ] GC(3) Metaspace: 28747K(29952K)->28747K(29952K) NonClass: 25402K(26112K)->25402K(26112K) Class: 3345K(3840K)->3345K(3840K)
[2023-06-03T11:37:54.518+0200][gc            ] GC(3) Pause Young (Normal) (G1 Evacuation Pause) 186M->140M(1024M) 4,076ms
[2023-06-03T11:37:54.518+0200][gc,cpu        ] GC(3) User=0,02s Sys=0,00s Real=0,00s
[2023-06-03T11:37:54.897+0200][gc,start      ] GC(4) Pause Young (Concurrent Start) (Metadata GC Threshold)
[2023-06-03T11:37:54.897+0200][gc,task       ] GC(4) Using 8 workers of 8 for evacuation
[2023-06-03T11:37:54.911+0200][gc,phases     ] GC(4)   Pre Evacuate Collection Set: 0,1ms
[2023-06-03T11:37:54.911+0200][gc,phases     ] GC(4)   Evacuate Collection Set: 13,6ms
[2023-06-03T11:37:54.911+0200][gc,phases     ] GC(4)   Post Evacuate Collection Set: 0,3ms
[2023-06-03T11:37:54.911+0200][gc,phases     ] GC(4)   Other: 0,2ms
[2023-06-03T11:37:54.911+0200][gc,heap       ] GC(4) Eden regions: 31->0(49)
[2023-06-03T11:37:54.911+0200][gc,heap       ] GC(4) Survivor regions: 5->2(7)
[2023-06-03T11:37:54.911+0200][gc,heap       ] GC(4) Old regions: 9->14
[2023-06-03T11:37:54.911+0200][gc,heap       ] GC(4) Humongous regions: 129->129
[2023-06-03T11:37:54.911+0200][gc,metaspace  ] GC(4) Metaspace: 34479K(35840K)->34479K(35840K) NonClass: 30428K(31104K)->30428K(31104K) Class: 4050K(4736K)->4050K(4736K)
[2023-06-03T11:37:54.911+0200][gc            ] GC(4) Pause Young (Concurrent Start) (Metadata GC Threshold) 171M->142M(1024M) 14,319ms
[2023-06-03T11:37:54.911+0200][gc,cpu        ] GC(4) User=0,04s Sys=0,01s Real=0,01s
[2023-06-03T11:37:54.911+0200][gc            ] GC(5) Concurrent Cycle
[2023-06-03T11:37:54.911+0200][gc,marking    ] GC(5) Concurrent Clear Claimed Marks
[2023-06-03T11:37:54.911+0200][gc,marking    ] GC(5) Concurrent Clear Claimed Marks 0,021ms
[2023-06-03T11:37:54.911+0200][gc,marking    ] GC(5) Concurrent Scan Root Regions
[2023-06-03T11:37:54.912+0200][gc,marking    ] GC(5) Concurrent Scan Root Regions 0,804ms
[2023-06-03T11:37:54.912+0200][gc,marking    ] GC(5) Concurrent Mark (2,025s)
[2023-06-03T11:37:54.912+0200][gc,marking    ] GC(5) Concurrent Mark From Roots
[2023-06-03T11:37:54.912+0200][gc,task       ] GC(5) Using 2 workers of 2 for marking
[2023-06-03T11:37:54.928+0200][gc,marking    ] GC(5) Concurrent Mark From Roots 16,015ms
[2023-06-03T11:37:54.928+0200][gc,marking    ] GC(5) Concurrent Preclean
[2023-06-03T11:37:54.928+0200][gc,marking    ] GC(5) Concurrent Preclean 0,102ms
[2023-06-03T11:37:54.928+0200][gc,marking    ] GC(5) Concurrent Mark (2,025s, 2,041s) 16,161ms
[2023-06-03T11:37:54.930+0200][gc,start      ] GC(5) Pause Remark
[2023-06-03T11:37:54.936+0200][gc,stringtable] GC(5) Cleaned string and symbol table, strings: 10399 processed, 12 removed, symbols: 84864 processed, 15 removed
[2023-06-03T11:37:54.936+0200][gc            ] GC(5) Pause Remark 145M->145M(1024M) 6,443ms
[2023-06-03T11:37:54.936+0200][gc,cpu        ] GC(5) User=0,03s Sys=0,00s Real=0,01s
[2023-06-03T11:37:54.936+0200][gc,marking    ] GC(5) Concurrent Rebuild Remembered Sets
[2023-06-03T11:37:54.941+0200][gc,marking    ] GC(5) Concurrent Rebuild Remembered Sets 5,289ms
[2023-06-03T11:37:54.942+0200][gc,start      ] GC(5) Pause Cleanup
[2023-06-03T11:37:54.942+0200][gc            ] GC(5) Pause Cleanup 146M->146M(1024M) 0,152ms
[2023-06-03T11:37:54.942+0200][gc,cpu        ] GC(5) User=0,00s Sys=0,00s Real=0,00s
[2023-06-03T11:37:54.942+0200][gc,marking    ] GC(5) Concurrent Cleanup for Next Mark
[2023-06-03T11:37:54.945+0200][gc,marking    ] GC(5) Concurrent Cleanup for Next Mark 3,240ms
[2023-06-03T11:37:54.945+0200][gc            ] GC(5) Concurrent Cycle 33,875ms
[2023-06-03T11:43:37.603+0200][gc,start      ] GC(6) Pause Young (Concurrent Start) (G1 Evacuation Pause)
[2023-06-03T11:43:37.603+0200][gc,task       ] GC(6) Using 8 workers of 8 for evacuation
[2023-06-03T11:43:37.622+0200][gc,phases     ] GC(6)   Pre Evacuate Collection Set: 0,3ms
[2023-06-03T11:43:37.622+0200][gc,phases     ] GC(6)   Evacuate Collection Set: 16,8ms
[2023-06-03T11:43:37.622+0200][gc,phases     ] GC(6)   Post Evacuate Collection Set: 1,2ms
[2023-06-03T11:43:37.622+0200][gc,phases     ] GC(6)   Other: 0,6ms
[2023-06-03T11:43:37.622+0200][gc,heap       ] GC(6) Eden regions: 49->0(46)
[2023-06-03T11:43:37.622+0200][gc,heap       ] GC(6) Survivor regions: 2->5(7)
[2023-06-03T11:43:37.622+0200][gc,heap       ] GC(6) Old regions: 14->14
[2023-06-03T11:43:37.622+0200][gc,heap       ] GC(6) Humongous regions: 129->129
[2023-06-03T11:43:37.622+0200][gc,metaspace  ] GC(6) Metaspace: 41254K(43776K)->41254K(43776K) NonClass: 35844K(37120K)->35844K(37120K) Class: 5410K(6656K)->5410K(6656K)
[2023-06-03T11:43:37.622+0200][gc            ] GC(6) Pause Young (Concurrent Start) (G1 Evacuation Pause) 191M->144M(1024M) 19,349ms
[2023-06-03T11:43:37.622+0200][gc,cpu        ] GC(6) User=0,10s Sys=0,00s Real=0,02s
[2023-06-03T11:43:37.622+0200][gc            ] GC(7) Concurrent Cycle
[2023-06-03T11:43:37.622+0200][gc,marking    ] GC(7) Concurrent Clear Claimed Marks
[2023-06-03T11:43:37.623+0200][gc,marking    ] GC(7) Concurrent Clear Claimed Marks 0,329ms
[2023-06-03T11:43:37.623+0200][gc,marking    ] GC(7) Concurrent Scan Root Regions
[2023-06-03T11:43:37.630+0200][gc,marking    ] GC(7) Concurrent Scan Root Regions 7,358ms
[2023-06-03T11:43:37.630+0200][gc,marking    ] GC(7) Concurrent Mark (344,743s)
[2023-06-03T11:43:37.630+0200][gc,marking    ] GC(7) Concurrent Mark From Roots
[2023-06-03T11:43:37.630+0200][gc,task       ] GC(7) Using 2 workers of 2 for marking
[2023-06-03T11:43:37.669+0200][gc,marking    ] GC(7) Concurrent Mark From Roots 38,762ms
[2023-06-03T11:43:37.669+0200][gc,marking    ] GC(7) Concurrent Preclean
[2023-06-03T11:43:37.669+0200][gc,marking    ] GC(7) Concurrent Preclean 0,186ms
[2023-06-03T11:43:37.669+0200][gc,marking    ] GC(7) Concurrent Mark (344,743s, 344,782s) 39,073ms
[2023-06-03T11:43:37.669+0200][gc,start      ] GC(7) Pause Remark
[2023-06-03T11:43:37.675+0200][gc,stringtable] GC(7) Cleaned string and symbol table, strings: 11679 processed, 7 removed, symbols: 91990 processed, 4 removed
[2023-06-03T11:43:37.675+0200][gc            ] GC(7) Pause Remark 145M->145M(1024M) 5,638ms
[2023-06-03T11:43:37.675+0200][gc,cpu        ] GC(7) User=0,03s Sys=0,00s Real=0,01s
[2023-06-03T11:43:37.675+0200][gc,marking    ] GC(7) Concurrent Rebuild Remembered Sets
[2023-06-03T11:43:37.687+0200][gc,marking    ] GC(7) Concurrent Rebuild Remembered Sets 11,835ms
[2023-06-03T11:43:37.687+0200][gc,start      ] GC(7) Pause Cleanup
[2023-06-03T11:43:37.687+0200][gc            ] GC(7) Pause Cleanup 146M->146M(1024M) 0,264ms
[2023-06-03T11:43:37.688+0200][gc,cpu        ] GC(7) User=0,00s Sys=0,00s Real=0,00s
[2023-06-03T11:43:37.688+0200][gc,marking    ] GC(7) Concurrent Cleanup for Next Mark
[2023-06-03T11:43:37.689+0200][gc,marking    ] GC(7) Concurrent Cleanup for Next Mark 1,538ms
[2023-06-03T11:43:37.689+0200][gc            ] GC(7) Concurrent Cycle 67,041ms
[2023-06-03T11:44:46.350+0200][gc,heap,exit  ] Heap
[2023-06-03T11:44:46.350+0200][gc,heap,exit  ]  garbage-first heap   total 1048576K, used 168796K [0x00000000c0000000, 0x0000000100000000)
[2023-06-03T11:44:46.350+0200][gc,heap,exit  ]   region size 1024K, 27 young (27648K), 5 survivors (5120K)
[2023-06-03T11:44:46.350+0200][gc,heap,exit  ]  Metaspace       used 43784K, capacity 46658K, committed 46848K, reserved 1089536K
[2023-06-03T11:44:46.350+0200][gc,heap,exit  ]   class space    used 5939K, capacity 7415K, committed 7424K, reserved 1048576K
