[2023-06-03T11:45:36.079+0200][gc,heap] Heap region size: 1M
[2023-06-03T11:45:36.099+0200][gc     ] Using G1
[2023-06-03T11:45:36.099+0200][gc,heap,coops] Heap address: 0x00000000c0000000, size: 1024 MB, Compressed Oops mode: 32-bit
[2023-06-03T11:45:36.100+0200][gc,cds       ] Mark closed archive regions in map: [0x00000000fff00000, 0x00000000fff6aff8]
[2023-06-03T11:45:36.100+0200][gc,cds       ] Mark open archive regions in map: [0x00000000ffe00000, 0x00000000ffe46ff8]
[2023-06-03T11:45:36.638+0200][gc,start     ] GC(0) Pause Young (Normal) (G1 Evacuation Pause)
[2023-06-03T11:45:36.638+0200][gc,task      ] GC(0) Using 8 workers of 8 for evacuation
[2023-06-03T11:45:36.644+0200][gc,phases    ] GC(0)   Pre Evacuate Collection Set: 0,0ms
[2023-06-03T11:45:36.644+0200][gc,phases    ] GC(0)   Evacuate Collection Set: 5,6ms
[2023-06-03T11:45:36.644+0200][gc,phases    ] GC(0)   Post Evacuate Collection Set: 0,3ms
[2023-06-03T11:45:36.645+0200][gc,phases    ] GC(0)   Other: 0,5ms
[2023-06-03T11:45:36.645+0200][gc,heap      ] GC(0) Eden regions: 51->0(44)
[2023-06-03T11:45:36.645+0200][gc,heap      ] GC(0) Survivor regions: 0->7(7)
[2023-06-03T11:45:36.645+0200][gc,heap      ] GC(0) Old regions: 2->2
[2023-06-03T11:45:36.645+0200][gc,heap      ] GC(0) Humongous regions: 0->0
[2023-06-03T11:45:36.645+0200][gc,metaspace ] GC(0) Metaspace: 14235K(15104K)->14235K(15104K) NonClass: 12489K(13056K)->12489K(13056K) Class: 1746K(2048K)->1746K(2048K)
[2023-06-03T11:45:36.645+0200][gc           ] GC(0) Pause Young (Normal) (G1 Evacuation Pause) 51M->7M(1024M) 6,434ms
[2023-06-03T11:45:36.645+0200][gc,cpu       ] GC(0) User=0,03s Sys=0,00s Real=0,01s
[2023-06-03T11:45:36.927+0200][gc,start     ] GC(1) Pause Young (Concurrent Start) (Metadata GC Threshold)
[2023-06-03T11:45:36.927+0200][gc,task      ] GC(1) Using 8 workers of 8 for evacuation
[2023-06-03T11:45:36.936+0200][gc,phases    ] GC(1)   Pre Evacuate Collection Set: 0,0ms
[2023-06-03T11:45:36.936+0200][gc,phases    ] GC(1)   Evacuate Collection Set: 8,2ms
[2023-06-03T11:45:36.936+0200][gc,phases    ] GC(1)   Post Evacuate Collection Set: 0,3ms
[2023-06-03T11:45:36.936+0200][gc,phases    ] GC(1)   Other: 0,2ms
[2023-06-03T11:45:36.936+0200][gc,heap      ] GC(1) Eden regions: 29->0(49)
[2023-06-03T11:45:36.936+0200][gc,heap      ] GC(1) Survivor regions: 7->2(7)
[2023-06-03T11:45:36.936+0200][gc,heap      ] GC(1) Old regions: 2->9
[2023-06-03T11:45:36.936+0200][gc,heap      ] GC(1) Humongous regions: 0->0
[2023-06-03T11:45:36.936+0200][gc,metaspace ] GC(1) Metaspace: 20577K(21248K)->20577K(21248K) NonClass: 18091K(18432K)->18091K(18432K) Class: 2485K(2816K)->2485K(2816K)
[2023-06-03T11:45:36.936+0200][gc           ] GC(1) Pause Young (Concurrent Start) (Metadata GC Threshold) 36M->8M(1024M) 8,778ms
[2023-06-03T11:45:36.936+0200][gc,cpu       ] GC(1) User=0,03s Sys=0,01s Real=0,01s
[2023-06-03T11:45:36.936+0200][gc           ] GC(2) Concurrent Cycle
[2023-06-03T11:45:36.936+0200][gc,marking   ] GC(2) Concurrent Clear Claimed Marks
[2023-06-03T11:45:36.936+0200][gc,marking   ] GC(2) Concurrent Clear Claimed Marks 0,014ms
[2023-06-03T11:45:36.936+0200][gc,marking   ] GC(2) Concurrent Scan Root Regions
[2023-06-03T11:45:36.937+0200][gc,marking   ] GC(2) Concurrent Scan Root Regions 0,991ms
[2023-06-03T11:45:36.937+0200][gc,marking   ] GC(2) Concurrent Mark (0,866s)
[2023-06-03T11:45:36.937+0200][gc,marking   ] GC(2) Concurrent Mark From Roots
[2023-06-03T11:45:36.937+0200][gc,task      ] GC(2) Using 2 workers of 2 for marking
[2023-06-03T11:45:36.943+0200][gc,marking   ] GC(2) Concurrent Mark From Roots 5,587ms
[2023-06-03T11:45:36.943+0200][gc,marking   ] GC(2) Concurrent Preclean
[2023-06-03T11:45:36.943+0200][gc,marking   ] GC(2) Concurrent Preclean 0,358ms
[2023-06-03T11:45:36.943+0200][gc,marking   ] GC(2) Concurrent Mark (0,866s, 0,872s) 6,010ms
[2023-06-03T11:45:36.943+0200][gc,start     ] GC(2) Pause Remark
[2023-06-03T11:45:36.946+0200][gc,stringtable] GC(2) Cleaned string and symbol table, strings: 5133 processed, 0 removed, symbols: 52681 processed, 43 removed
[2023-06-03T11:45:36.946+0200][gc            ] GC(2) Pause Remark 8M->8M(1024M) 2,434ms
[2023-06-03T11:45:36.946+0200][gc,cpu        ] GC(2) User=0,01s Sys=0,00s Real=0,01s
[2023-06-03T11:45:36.946+0200][gc,marking    ] GC(2) Concurrent Rebuild Remembered Sets
[2023-06-03T11:45:36.949+0200][gc,marking    ] GC(2) Concurrent Rebuild Remembered Sets 2,896ms
[2023-06-03T11:45:36.949+0200][gc,start      ] GC(2) Pause Cleanup
[2023-06-03T11:45:36.949+0200][gc            ] GC(2) Pause Cleanup 8M->8M(1024M) 0,198ms
[2023-06-03T11:45:36.949+0200][gc,cpu        ] GC(2) User=0,00s Sys=0,00s Real=0,00s
[2023-06-03T11:45:36.949+0200][gc,marking    ] GC(2) Concurrent Cleanup for Next Mark
[2023-06-03T11:45:36.952+0200][gc,marking    ] GC(2) Concurrent Cleanup for Next Mark 3,127ms
[2023-06-03T11:45:36.952+0200][gc            ] GC(2) Concurrent Cycle 15,999ms
[2023-06-03T11:45:37.590+0200][gc,start      ] GC(3) Pause Young (Normal) (G1 Evacuation Pause)
[2023-06-03T11:45:37.590+0200][gc,task       ] GC(3) Using 8 workers of 8 for evacuation
[2023-06-03T11:45:37.592+0200][gc,phases     ] GC(3)   Pre Evacuate Collection Set: 0,0ms
[2023-06-03T11:45:37.592+0200][gc,phases     ] GC(3)   Evacuate Collection Set: 1,5ms
[2023-06-03T11:45:37.592+0200][gc,phases     ] GC(3)   Post Evacuate Collection Set: 0,2ms
[2023-06-03T11:45:37.592+0200][gc,phases     ] GC(3)   Other: 0,1ms
[2023-06-03T11:45:37.592+0200][gc,heap       ] GC(3) Eden regions: 49->0(47)
[2023-06-03T11:45:37.592+0200][gc,heap       ] GC(3) Survivor regions: 2->4(7)
[2023-06-03T11:45:37.592+0200][gc,heap       ] GC(3) Old regions: 9->9
[2023-06-03T11:45:37.592+0200][gc,heap       ] GC(3) Humongous regions: 129->129
[2023-06-03T11:45:37.592+0200][gc,metaspace  ] GC(3) Metaspace: 29020K(30208K)->29020K(30208K) NonClass: 25656K(26368K)->25656K(26368K) Class: 3364K(3840K)->3364K(3840K)
[2023-06-03T11:45:37.592+0200][gc            ] GC(3) Pause Young (Normal) (G1 Evacuation Pause) 186M->139M(1024M) 1,892ms
[2023-06-03T11:45:37.592+0200][gc,cpu        ] GC(3) User=0,01s Sys=0,00s Real=0,00s
[2023-06-03T11:45:37.886+0200][gc,start      ] GC(4) Pause Young (Concurrent Start) (Metadata GC Threshold)
[2023-06-03T11:45:37.886+0200][gc,task       ] GC(4) Using 8 workers of 8 for evacuation
[2023-06-03T11:45:37.890+0200][gc,phases     ] GC(4)   Pre Evacuate Collection Set: 0,1ms
[2023-06-03T11:45:37.890+0200][gc,phases     ] GC(4)   Evacuate Collection Set: 3,6ms
[2023-06-03T11:45:37.890+0200][gc,phases     ] GC(4)   Post Evacuate Collection Set: 0,4ms
[2023-06-03T11:45:37.890+0200][gc,phases     ] GC(4)   Other: 0,2ms
[2023-06-03T11:45:37.890+0200][gc,heap       ] GC(4) Eden regions: 34->0(44)
[2023-06-03T11:45:37.890+0200][gc,heap       ] GC(4) Survivor regions: 4->7(7)
[2023-06-03T11:45:37.890+0200][gc,heap       ] GC(4) Old regions: 9->9
[2023-06-03T11:45:37.890+0200][gc,heap       ] GC(4) Humongous regions: 129->129
[2023-06-03T11:45:37.890+0200][gc,metaspace  ] GC(4) Metaspace: 34423K(35840K)->34423K(35840K) NonClass: 30399K(31104K)->30399K(31104K) Class: 4023K(4736K)->4023K(4736K)
[2023-06-03T11:45:37.890+0200][gc            ] GC(4) Pause Young (Concurrent Start) (Metadata GC Threshold) 173M->142M(1024M) 4,296ms
[2023-06-03T11:45:37.890+0200][gc,cpu        ] GC(4) User=0,03s Sys=0,00s Real=0,00s
[2023-06-03T11:45:37.890+0200][gc            ] GC(5) Concurrent Cycle
[2023-06-03T11:45:37.890+0200][gc,marking    ] GC(5) Concurrent Clear Claimed Marks
[2023-06-03T11:45:37.890+0200][gc,marking    ] GC(5) Concurrent Clear Claimed Marks 0,067ms
[2023-06-03T11:45:37.890+0200][gc,marking    ] GC(5) Concurrent Scan Root Regions
[2023-06-03T11:45:37.893+0200][gc,marking    ] GC(5) Concurrent Scan Root Regions 2,562ms
[2023-06-03T11:45:37.893+0200][gc,marking    ] GC(5) Concurrent Mark (1,821s)
[2023-06-03T11:45:37.893+0200][gc,marking    ] GC(5) Concurrent Mark From Roots
[2023-06-03T11:45:37.893+0200][gc,task       ] GC(5) Using 2 workers of 2 for marking
[2023-06-03T11:45:37.900+0200][gc,marking    ] GC(5) Concurrent Mark From Roots 7,285ms
[2023-06-03T11:45:37.900+0200][gc,marking    ] GC(5) Concurrent Preclean
[2023-06-03T11:45:37.900+0200][gc,marking    ] GC(5) Concurrent Preclean 0,114ms
[2023-06-03T11:45:37.900+0200][gc,marking    ] GC(5) Concurrent Mark (1,821s, 1,829s) 7,451ms
[2023-06-03T11:45:37.901+0200][gc,start      ] GC(5) Pause Remark
[2023-06-03T11:45:37.902+0200][gc,stringtable] GC(5) Cleaned string and symbol table, strings: 10454 processed, 10 removed, symbols: 83329 processed, 14 removed
[2023-06-03T11:45:37.903+0200][gc            ] GC(5) Pause Remark 144M->144M(1024M) 2,159ms
[2023-06-03T11:45:37.903+0200][gc,cpu        ] GC(5) User=0,01s Sys=0,00s Real=0,00s
[2023-06-03T11:45:37.903+0200][gc,marking    ] GC(5) Concurrent Rebuild Remembered Sets
[2023-06-03T11:45:37.906+0200][gc,marking    ] GC(5) Concurrent Rebuild Remembered Sets 2,835ms
[2023-06-03T11:45:37.906+0200][gc,start      ] GC(5) Pause Cleanup
[2023-06-03T11:45:37.906+0200][gc            ] GC(5) Pause Cleanup 144M->144M(1024M) 0,190ms
[2023-06-03T11:45:37.906+0200][gc,cpu        ] GC(5) User=0,00s Sys=0,00s Real=0,00s
[2023-06-03T11:45:37.906+0200][gc,marking    ] GC(5) Concurrent Cleanup for Next Mark
[2023-06-03T11:45:37.909+0200][gc,marking    ] GC(5) Concurrent Cleanup for Next Mark 3,485ms
[2023-06-03T11:45:37.910+0200][gc            ] GC(5) Concurrent Cycle 19,632ms
[2023-06-03T11:46:50.703+0200][gc,start      ] GC(6) Pause Young (Normal) (G1 Evacuation Pause)
[2023-06-03T11:46:50.703+0200][gc,task       ] GC(6) Using 8 workers of 8 for evacuation
[2023-06-03T11:46:50.708+0200][gc,phases     ] GC(6)   Pre Evacuate Collection Set: 0,0ms
[2023-06-03T11:46:50.708+0200][gc,phases     ] GC(6)   Evacuate Collection Set: 4,2ms
[2023-06-03T11:46:50.708+0200][gc,phases     ] GC(6)   Post Evacuate Collection Set: 0,4ms
[2023-06-03T11:46:50.708+0200][gc,phases     ] GC(6)   Other: 0,1ms
[2023-06-03T11:46:50.708+0200][gc,heap       ] GC(6) Eden regions: 44->0(45)
[2023-06-03T11:46:50.708+0200][gc,heap       ] GC(6) Survivor regions: 7->6(7)
[2023-06-03T11:46:50.708+0200][gc,heap       ] GC(6) Old regions: 9->12
[2023-06-03T11:46:50.708+0200][gc,heap       ] GC(6) Humongous regions: 135->129
[2023-06-03T11:46:50.708+0200][gc,metaspace  ] GC(6) Metaspace: 41564K(44032K)->41564K(44032K) NonClass: 36147K(37376K)->36147K(37376K) Class: 5417K(6656K)->5417K(6656K)
[2023-06-03T11:46:50.708+0200][gc            ] GC(6) Pause Young (Normal) (G1 Evacuation Pause) 192M->144M(1024M) 4,791ms
[2023-06-03T11:46:50.708+0200][gc,cpu        ] GC(6) User=0,03s Sys=0,01s Real=0,01s
[2023-06-03T11:56:26.855+0200][gc,start      ] GC(7) Pause Young (Normal) (G1 Evacuation Pause)
[2023-06-03T11:56:26.855+0200][gc,task       ] GC(7) Using 8 workers of 8 for evacuation
[2023-06-03T11:56:26.863+0200][gc,phases     ] GC(7)   Pre Evacuate Collection Set: 0,0ms
[2023-06-03T11:56:26.863+0200][gc,phases     ] GC(7)   Evacuate Collection Set: 7,3ms
[2023-06-03T11:56:26.863+0200][gc,phases     ] GC(7)   Post Evacuate Collection Set: 0,6ms
[2023-06-03T11:56:26.863+0200][gc,phases     ] GC(7)   Other: 0,3ms
[2023-06-03T11:56:26.863+0200][gc,heap       ] GC(7) Eden regions: 45->0(46)
[2023-06-03T11:56:26.863+0200][gc,heap       ] GC(7) Survivor regions: 6->5(7)
[2023-06-03T11:56:26.863+0200][gc,heap       ] GC(7) Old regions: 12->15
[2023-06-03T11:56:26.863+0200][gc,heap       ] GC(7) Humongous regions: 129->129
[2023-06-03T11:56:26.863+0200][gc,metaspace  ] GC(7) Metaspace: 44369K(47232K)->44369K(47232K) NonClass: 38510K(39936K)->38510K(39936K) Class: 5858K(7296K)->5858K(7296K)
[2023-06-03T11:56:26.863+0200][gc            ] GC(7) Pause Young (Normal) (G1 Evacuation Pause) 189M->147M(1024M) 8,248ms
[2023-06-03T11:56:26.863+0200][gc,cpu        ] GC(7) User=0,05s Sys=0,00s Real=0,00s
[2023-06-03T12:03:01.565+0200][gc,start      ] GC(8) Pause Young (Normal) (G1 Evacuation Pause)
[2023-06-03T12:03:01.565+0200][gc,task       ] GC(8) Using 8 workers of 8 for evacuation
[2023-06-03T12:03:01.576+0200][gc,phases     ] GC(8)   Pre Evacuate Collection Set: 0,0ms
[2023-06-03T12:03:01.576+0200][gc,phases     ] GC(8)   Evacuate Collection Set: 9,0ms
[2023-06-03T12:03:01.576+0200][gc,phases     ] GC(8)   Post Evacuate Collection Set: 1,0ms
[2023-06-03T12:03:01.576+0200][gc,phases     ] GC(8)   Other: 0,3ms
[2023-06-03T12:03:01.576+0200][gc,heap       ] GC(8) Eden regions: 46->0(47)
[2023-06-03T12:03:01.576+0200][gc,heap       ] GC(8) Survivor regions: 5->4(7)
[2023-06-03T12:03:01.576+0200][gc,heap       ] GC(8) Old regions: 15->17
[2023-06-03T12:03:01.576+0200][gc,heap       ] GC(8) Humongous regions: 129->129
[2023-06-03T12:03:01.576+0200][gc,metaspace  ] GC(8) Metaspace: 44813K(47872K)->44813K(47872K) NonClass: 38887K(40448K)->38887K(40448K) Class: 5926K(7424K)->5926K(7424K)
[2023-06-03T12:03:01.576+0200][gc            ] GC(8) Pause Young (Normal) (G1 Evacuation Pause) 193M->147M(1024M) 10,711ms
[2023-06-03T12:03:01.576+0200][gc,cpu        ] GC(8) User=0,07s Sys=0,00s Real=0,01s
[2023-06-03T12:07:21.280+0200][gc,start      ] GC(9) Pause Young (Normal) (G1 Evacuation Pause)
[2023-06-03T12:07:21.280+0200][gc,task       ] GC(9) Using 8 workers of 8 for evacuation
[2023-06-03T12:07:21.287+0200][gc,phases     ] GC(9)   Pre Evacuate Collection Set: 0,1ms
[2023-06-03T12:07:21.287+0200][gc,phases     ] GC(9)   Evacuate Collection Set: 5,1ms
[2023-06-03T12:07:21.287+0200][gc,phases     ] GC(9)   Post Evacuate Collection Set: 0,9ms
[2023-06-03T12:07:21.287+0200][gc,phases     ] GC(9)   Other: 0,4ms
[2023-06-03T12:07:21.287+0200][gc,heap       ] GC(9) Eden regions: 47->0(47)
[2023-06-03T12:07:21.287+0200][gc,heap       ] GC(9) Survivor regions: 4->4(7)
[2023-06-03T12:07:21.287+0200][gc,heap       ] GC(9) Old regions: 17->17
[2023-06-03T12:07:21.287+0200][gc,heap       ] GC(9) Humongous regions: 129->129
[2023-06-03T12:07:21.287+0200][gc,metaspace  ] GC(9) Metaspace: 45048K(48256K)->45048K(48256K) NonClass: 39073K(40704K)->39073K(40704K) Class: 5974K(7552K)->5974K(7552K)
[2023-06-03T12:07:21.287+0200][gc            ] GC(9) Pause Young (Normal) (G1 Evacuation Pause) 194M->148M(1024M) 6,489ms
[2023-06-03T12:07:21.287+0200][gc,cpu        ] GC(9) User=0,04s Sys=0,00s Real=0,01s
[2023-06-03T12:07:57.892+0200][gc,heap,exit  ] Heap
[2023-06-03T12:07:57.892+0200][gc,heap,exit  ]  garbage-first heap   total 1048576K, used 168648K [0x00000000c0000000, 0x0000000100000000)
[2023-06-03T12:07:57.892+0200][gc,heap,exit  ]   region size 1024K, 21 young (21504K), 4 survivors (4096K)
[2023-06-03T12:07:57.892+0200][gc,heap,exit  ]  Metaspace       used 45848K, capacity 49041K, committed 49280K, reserved 1091584K
[2023-06-03T12:07:57.892+0200][gc,heap,exit  ]   class space    used 6191K, capacity 7780K, committed 7808K, reserved 1048576K
