[2023-06-03T11:39:27.982+0200][gc,heap] Heap region size: 1M
[2023-06-03T11:39:28.004+0200][gc     ] Using G1
[2023-06-03T11:39:28.004+0200][gc,heap,coops] Heap address: 0x00000000c0000000, size: 1024 MB, Compressed Oops mode: 32-bit
[2023-06-03T11:39:28.004+0200][gc,cds       ] Mark closed archive regions in map: [0x00000000fff00000, 0x00000000fff6aff8]
[2023-06-03T11:39:28.004+0200][gc,cds       ] Mark open archive regions in map: [0x00000000ffe00000, 0x00000000ffe46ff8]
[2023-06-03T11:39:28.571+0200][gc,start     ] GC(0) Pause Young (Normal) (G1 Evacuation Pause)
[2023-06-03T11:39:28.571+0200][gc,task      ] GC(0) Using 8 workers of 8 for evacuation
[2023-06-03T11:39:28.577+0200][gc,phases    ] GC(0)   Pre Evacuate Collection Set: 0,0ms
[2023-06-03T11:39:28.577+0200][gc,phases    ] GC(0)   Evacuate Collection Set: 5,0ms
[2023-06-03T11:39:28.577+0200][gc,phases    ] GC(0)   Post Evacuate Collection Set: 0,4ms
[2023-06-03T11:39:28.577+0200][gc,phases    ] GC(0)   Other: 0,4ms
[2023-06-03T11:39:28.577+0200][gc,heap      ] GC(0) Eden regions: 51->0(44)
[2023-06-03T11:39:28.577+0200][gc,heap      ] GC(0) Survivor regions: 0->7(7)
[2023-06-03T11:39:28.577+0200][gc,heap      ] GC(0) Old regions: 2->2
[2023-06-03T11:39:28.577+0200][gc,heap      ] GC(0) Humongous regions: 0->0
[2023-06-03T11:39:28.577+0200][gc,metaspace ] GC(0) Metaspace: 14172K(14848K)->14172K(14848K) NonClass: 12404K(12800K)->12404K(12800K) Class: 1768K(2048K)->1768K(2048K)
[2023-06-03T11:39:28.577+0200][gc           ] GC(0) Pause Young (Normal) (G1 Evacuation Pause) 51M->7M(1024M) 5,819ms
[2023-06-03T11:39:28.577+0200][gc,cpu       ] GC(0) User=0,03s Sys=0,01s Real=0,01s
[2023-06-03T11:39:28.792+0200][gc,start     ] GC(1) Pause Young (Concurrent Start) (Metadata GC Threshold)
[2023-06-03T11:39:28.792+0200][gc,task      ] GC(1) Using 8 workers of 8 for evacuation
[2023-06-03T11:39:28.798+0200][gc,phases    ] GC(1)   Pre Evacuate Collection Set: 0,0ms
[2023-06-03T11:39:28.798+0200][gc,phases    ] GC(1)   Evacuate Collection Set: 5,4ms
[2023-06-03T11:39:28.798+0200][gc,phases    ] GC(1)   Post Evacuate Collection Set: 0,4ms
[2023-06-03T11:39:28.798+0200][gc,phases    ] GC(1)   Other: 0,2ms
[2023-06-03T11:39:28.798+0200][gc,heap      ] GC(1) Eden regions: 34->0(49)
[2023-06-03T11:39:28.798+0200][gc,heap      ] GC(1) Survivor regions: 7->2(7)
[2023-06-03T11:39:28.798+0200][gc,heap      ] GC(1) Old regions: 2->9
[2023-06-03T11:39:28.798+0200][gc,heap      ] GC(1) Humongous regions: 0->0
[2023-06-03T11:39:28.798+0200][gc,metaspace ] GC(1) Metaspace: 20605K(21296K)->20605K(21296K) NonClass: 18277K(18688K)->18277K(18688K) Class: 2328K(2608K)->2328K(2608K)
[2023-06-03T11:39:28.798+0200][gc           ] GC(1) Pause Young (Concurrent Start) (Metadata GC Threshold) 41M->8M(1024M) 6,093ms
[2023-06-03T11:39:28.798+0200][gc,cpu       ] GC(1) User=0,02s Sys=0,00s Real=0,00s
[2023-06-03T11:39:28.798+0200][gc           ] GC(2) Concurrent Cycle
[2023-06-03T11:39:28.799+0200][gc,marking   ] GC(2) Concurrent Clear Claimed Marks
[2023-06-03T11:39:28.799+0200][gc,marking   ] GC(2) Concurrent Clear Claimed Marks 0,021ms
[2023-06-03T11:39:28.799+0200][gc,marking   ] GC(2) Concurrent Scan Root Regions
[2023-06-03T11:39:28.799+0200][gc,marking   ] GC(2) Concurrent Scan Root Regions 0,684ms
[2023-06-03T11:39:28.799+0200][gc,marking   ] GC(2) Concurrent Mark (0,825s)
[2023-06-03T11:39:28.799+0200][gc,marking   ] GC(2) Concurrent Mark From Roots
[2023-06-03T11:39:28.799+0200][gc,task      ] GC(2) Using 2 workers of 2 for marking
[2023-06-03T11:39:28.803+0200][gc,marking   ] GC(2) Concurrent Mark From Roots 4,081ms
[2023-06-03T11:39:28.803+0200][gc,marking   ] GC(2) Concurrent Preclean
[2023-06-03T11:39:28.803+0200][gc,marking   ] GC(2) Concurrent Preclean 0,104ms
[2023-06-03T11:39:28.803+0200][gc,marking   ] GC(2) Concurrent Mark (0,825s, 0,829s) 4,245ms
[2023-06-03T11:39:28.804+0200][gc,start     ] GC(2) Pause Remark
[2023-06-03T11:39:28.805+0200][gc,stringtable] GC(2) Cleaned string and symbol table, strings: 5912 processed, 0 removed, symbols: 46819 processed, 35 removed
[2023-06-03T11:39:28.805+0200][gc            ] GC(2) Pause Remark 9M->9M(1024M) 1,912ms
[2023-06-03T11:39:28.805+0200][gc,cpu        ] GC(2) User=0,01s Sys=0,00s Real=0,01s
[2023-06-03T11:39:28.806+0200][gc,marking    ] GC(2) Concurrent Rebuild Remembered Sets
[2023-06-03T11:39:28.808+0200][gc,marking    ] GC(2) Concurrent Rebuild Remembered Sets 2,111ms
[2023-06-03T11:39:28.808+0200][gc,start      ] GC(2) Pause Cleanup
[2023-06-03T11:39:28.808+0200][gc            ] GC(2) Pause Cleanup 9M->9M(1024M) 0,166ms
[2023-06-03T11:39:28.808+0200][gc,cpu        ] GC(2) User=0,00s Sys=0,00s Real=0,00s
[2023-06-03T11:39:28.808+0200][gc,marking    ] GC(2) Concurrent Cleanup for Next Mark
[2023-06-03T11:39:28.811+0200][gc,marking    ] GC(2) Concurrent Cleanup for Next Mark 2,967ms
[2023-06-03T11:39:28.811+0200][gc            ] GC(2) Concurrent Cycle 12,468ms
[2023-06-03T11:39:29.323+0200][gc,start      ] GC(3) Pause Young (Normal) (G1 Evacuation Pause)
[2023-06-03T11:39:29.323+0200][gc,task       ] GC(3) Using 8 workers of 8 for evacuation
[2023-06-03T11:39:29.327+0200][gc,phases     ] GC(3)   Pre Evacuate Collection Set: 0,0ms
[2023-06-03T11:39:29.327+0200][gc,phases     ] GC(3)   Evacuate Collection Set: 3,2ms
[2023-06-03T11:39:29.327+0200][gc,phases     ] GC(3)   Post Evacuate Collection Set: 0,3ms
[2023-06-03T11:39:29.327+0200][gc,phases     ] GC(3)   Other: 0,1ms
[2023-06-03T11:39:29.327+0200][gc,heap       ] GC(3) Eden regions: 49->0(47)
[2023-06-03T11:39:29.327+0200][gc,heap       ] GC(3) Survivor regions: 2->4(7)
[2023-06-03T11:39:29.327+0200][gc,heap       ] GC(3) Old regions: 9->9
[2023-06-03T11:39:29.327+0200][gc,heap       ] GC(3) Humongous regions: 9->9
[2023-06-03T11:39:29.327+0200][gc,metaspace  ] GC(3) Metaspace: 30117K(31356K)->30117K(31356K) NonClass: 26637K(27392K)->26637K(27392K) Class: 3479K(3964K)->3479K(3964K)
[2023-06-03T11:39:29.327+0200][gc            ] GC(3) Pause Young (Normal) (G1 Evacuation Pause) 66M->19M(1024M) 3,700ms
[2023-06-03T11:39:29.327+0200][gc,cpu        ] GC(3) User=0,02s Sys=0,00s Real=0,01s
[2023-06-03T11:39:29.839+0200][gc,heap,exit  ] Heap
[2023-06-03T11:39:29.839+0200][gc,heap,exit  ]  garbage-first heap   total 1048576K, used 35525K [0x00000000c0000000, 0x0000000100000000)
[2023-06-03T11:39:29.839+0200][gc,heap,exit  ]   region size 1024K, 21 young (21504K), 4 survivors (4096K)
[2023-06-03T11:39:29.839+0200][gc,heap,exit  ]  Metaspace       used 32045K, capacity 33338K, committed 33660K, reserved 1079296K
[2023-06-03T11:39:29.839+0200][gc,heap,exit  ]   class space    used 3802K, capacity 4386K, committed 4476K, reserved 1048576K
