[2023-06-26T19:16:01.698+0200][gc,heap] Heap region size: 1M
[2023-06-26T19:16:01.706+0200][gc     ] Using G1
[2023-06-26T19:16:01.706+0200][gc,heap,coops] Heap address: 0x00000000c0000000, size: 1024 MB, Compressed Oops mode: 32-bit
[2023-06-26T19:16:01.707+0200][gc,cds       ] Mark closed archive regions in map: [0x00000000fff00000, 0x00000000fff6aff8]
[2023-06-26T19:16:01.707+0200][gc,cds       ] Mark open archive regions in map: [0x00000000ffe00000, 0x00000000ffe46ff8]
[2023-06-26T19:16:02.627+0200][gc,start     ] GC(0) Pause Young (Normal) (G1 Evacuation Pause)
[2023-06-26T19:16:02.628+0200][gc,task      ] GC(0) Using 8 workers of 8 for evacuation
[2023-06-26T19:16:02.638+0200][gc,phases    ] GC(0)   Pre Evacuate Collection Set: 0,0ms
[2023-06-26T19:16:02.638+0200][gc,phases    ] GC(0)   Evacuate Collection Set: 9,1ms
[2023-06-26T19:16:02.638+0200][gc,phases    ] GC(0)   Post Evacuate Collection Set: 0,6ms
[2023-06-26T19:16:02.638+0200][gc,phases    ] GC(0)   Other: 0,7ms
[2023-06-26T19:16:02.638+0200][gc,heap      ] GC(0) Eden regions: 51->0(44)
[2023-06-26T19:16:02.638+0200][gc,heap      ] GC(0) Survivor regions: 0->7(7)
[2023-06-26T19:16:02.638+0200][gc,heap      ] GC(0) Old regions: 2->2
[2023-06-26T19:16:02.638+0200][gc,heap      ] GC(0) Humongous regions: 0->0
[2023-06-26T19:16:02.638+0200][gc,metaspace ] GC(0) Metaspace: 14231K(15104K)->14231K(15104K) NonClass: 12486K(13056K)->12486K(13056K) Class: 1744K(2048K)->1744K(2048K)
[2023-06-26T19:16:02.638+0200][gc           ] GC(0) Pause Young (Normal) (G1 Evacuation Pause) 51M->7M(1024M) 10,491ms
[2023-06-26T19:16:02.638+0200][gc,cpu       ] GC(0) User=0,05s Sys=0,02s Real=0,01s
[2023-06-26T19:16:03.138+0200][gc,start     ] GC(1) Pause Young (Concurrent Start) (Metadata GC Threshold)
[2023-06-26T19:16:03.139+0200][gc,task      ] GC(1) Using 8 workers of 8 for evacuation
[2023-06-26T19:16:03.149+0200][gc,phases    ] GC(1)   Pre Evacuate Collection Set: 0,1ms
[2023-06-26T19:16:03.149+0200][gc,phases    ] GC(1)   Evacuate Collection Set: 9,9ms
[2023-06-26T19:16:03.149+0200][gc,phases    ] GC(1)   Post Evacuate Collection Set: 0,4ms
[2023-06-26T19:16:03.149+0200][gc,phases    ] GC(1)   Other: 0,3ms
[2023-06-26T19:16:03.149+0200][gc,heap      ] GC(1) Eden regions: 30->0(49)
[2023-06-26T19:16:03.149+0200][gc,heap      ] GC(1) Survivor regions: 7->2(7)
[2023-06-26T19:16:03.149+0200][gc,heap      ] GC(1) Old regions: 2->9
[2023-06-26T19:16:03.149+0200][gc,heap      ] GC(1) Humongous regions: 0->0
[2023-06-26T19:16:03.149+0200][gc,metaspace ] GC(1) Metaspace: 20567K(21248K)->20567K(21248K) NonClass: 18082K(18432K)->18082K(18432K) Class: 2485K(2816K)->2485K(2816K)
[2023-06-26T19:16:03.149+0200][gc           ] GC(1) Pause Young (Concurrent Start) (Metadata GC Threshold) 37M->8M(1024M) 10,779ms
[2023-06-26T19:16:03.149+0200][gc,cpu       ] GC(1) User=0,03s Sys=0,01s Real=0,01s
[2023-06-26T19:16:03.149+0200][gc           ] GC(2) Concurrent Cycle
[2023-06-26T19:16:03.149+0200][gc,marking   ] GC(2) Concurrent Clear Claimed Marks
[2023-06-26T19:16:03.149+0200][gc,marking   ] GC(2) Concurrent Clear Claimed Marks 0,027ms
[2023-06-26T19:16:03.149+0200][gc,marking   ] GC(2) Concurrent Scan Root Regions
[2023-06-26T19:16:03.156+0200][gc,marking   ] GC(2) Concurrent Scan Root Regions 6,691ms
[2023-06-26T19:16:03.156+0200][gc,marking   ] GC(2) Concurrent Mark (1,461s)
[2023-06-26T19:16:03.156+0200][gc,marking   ] GC(2) Concurrent Mark From Roots
[2023-06-26T19:16:03.156+0200][gc,task      ] GC(2) Using 2 workers of 2 for marking
[2023-06-26T19:16:03.165+0200][gc,marking   ] GC(2) Concurrent Mark From Roots 8,557ms
[2023-06-26T19:16:03.165+0200][gc,marking   ] GC(2) Concurrent Preclean
[2023-06-26T19:16:03.165+0200][gc,marking   ] GC(2) Concurrent Preclean 0,128ms
[2023-06-26T19:16:03.165+0200][gc,marking   ] GC(2) Concurrent Mark (1,461s, 1,470s) 8,753ms
[2023-06-26T19:16:03.165+0200][gc,start     ] GC(2) Pause Remark
[2023-06-26T19:16:03.168+0200][gc,stringtable] GC(2) Cleaned string and symbol table, strings: 5149 processed, 0 removed, symbols: 52818 processed, 43 removed
[2023-06-26T19:16:03.168+0200][gc            ] GC(2) Pause Remark 8M->8M(1024M) 3,020ms
[2023-06-26T19:16:03.168+0200][gc,cpu        ] GC(2) User=0,02s Sys=0,00s Real=0,00s
[2023-06-26T19:16:03.168+0200][gc,marking    ] GC(2) Concurrent Rebuild Remembered Sets
[2023-06-26T19:16:03.174+0200][gc,marking    ] GC(2) Concurrent Rebuild Remembered Sets 6,105ms
[2023-06-26T19:16:03.174+0200][gc,start      ] GC(2) Pause Cleanup
[2023-06-26T19:16:03.175+0200][gc            ] GC(2) Pause Cleanup 9M->9M(1024M) 0,214ms
[2023-06-26T19:16:03.175+0200][gc,cpu        ] GC(2) User=0,00s Sys=0,00s Real=0,00s
[2023-06-26T19:16:03.175+0200][gc,marking    ] GC(2) Concurrent Cleanup for Next Mark
[2023-06-26T19:16:03.182+0200][gc,marking    ] GC(2) Concurrent Cleanup for Next Mark 7,194ms
[2023-06-26T19:16:03.182+0200][gc            ] GC(2) Concurrent Cycle 32,536ms
[2023-06-26T19:16:03.895+0200][gc,start      ] GC(3) Pause Young (Normal) (G1 Evacuation Pause)
[2023-06-26T19:16:03.895+0200][gc,task       ] GC(3) Using 8 workers of 8 for evacuation
[2023-06-26T19:16:03.904+0200][gc,phases     ] GC(3)   Pre Evacuate Collection Set: 0,0ms
[2023-06-26T19:16:03.904+0200][gc,phases     ] GC(3)   Evacuate Collection Set: 7,9ms
[2023-06-26T19:16:03.904+0200][gc,phases     ] GC(3)   Post Evacuate Collection Set: 0,4ms
[2023-06-26T19:16:03.904+0200][gc,phases     ] GC(3)   Other: 0,2ms
[2023-06-26T19:16:03.904+0200][gc,heap       ] GC(3) Eden regions: 49->0(46)
[2023-06-26T19:16:03.904+0200][gc,heap       ] GC(3) Survivor regions: 2->5(7)
[2023-06-26T19:16:03.904+0200][gc,heap       ] GC(3) Old regions: 9->9
[2023-06-26T19:16:03.904+0200][gc,heap       ] GC(3) Humongous regions: 129->129
[2023-06-26T19:16:03.904+0200][gc,metaspace  ] GC(3) Metaspace: 28725K(29952K)->28725K(29952K) NonClass: 25379K(26112K)->25379K(26112K) Class: 3346K(3840K)->3346K(3840K)
[2023-06-26T19:16:03.904+0200][gc            ] GC(3) Pause Young (Normal) (G1 Evacuation Pause) 186M->140M(1024M) 8,734ms
[2023-06-26T19:16:03.904+0200][gc,cpu        ] GC(3) User=0,03s Sys=0,00s Real=0,01s
[2023-06-26T19:16:04.345+0200][gc,start      ] GC(4) Pause Young (Concurrent Start) (Metadata GC Threshold)
[2023-06-26T19:16:04.345+0200][gc,task       ] GC(4) Using 8 workers of 8 for evacuation
[2023-06-26T19:16:04.368+0200][gc,mmu        ] GC(4) MMU target violated: 21,0ms (20,0ms/21,0ms)
[2023-06-26T19:16:04.368+0200][gc,phases     ] GC(4)   Pre Evacuate Collection Set: 0,1ms
[2023-06-26T19:16:04.368+0200][gc,phases     ] GC(4)   Evacuate Collection Set: 22,1ms
[2023-06-26T19:16:04.368+0200][gc,phases     ] GC(4)   Post Evacuate Collection Set: 0,4ms
[2023-06-26T19:16:04.368+0200][gc,phases     ] GC(4)   Other: 0,3ms
[2023-06-26T19:16:04.368+0200][gc,heap       ] GC(4) Eden regions: 30->0(49)
[2023-06-26T19:16:04.368+0200][gc,heap       ] GC(4) Survivor regions: 5->2(7)
[2023-06-26T19:16:04.368+0200][gc,heap       ] GC(4) Old regions: 9->14
[2023-06-26T19:16:04.368+0200][gc,heap       ] GC(4) Humongous regions: 129->129
[2023-06-26T19:16:04.368+0200][gc,metaspace  ] GC(4) Metaspace: 34305K(35840K)->34305K(35840K) NonClass: 30292K(31232K)->30292K(31232K) Class: 4012K(4608K)->4012K(4608K)
[2023-06-26T19:16:04.368+0200][gc            ] GC(4) Pause Young (Concurrent Start) (Metadata GC Threshold) 170M->142M(1024M) 23,007ms
[2023-06-26T19:16:04.368+0200][gc,cpu        ] GC(4) User=0,07s Sys=0,00s Real=0,02s
[2023-06-26T19:16:04.368+0200][gc            ] GC(5) Concurrent Cycle
[2023-06-26T19:16:04.369+0200][gc,marking    ] GC(5) Concurrent Clear Claimed Marks
[2023-06-26T19:16:04.369+0200][gc,marking    ] GC(5) Concurrent Clear Claimed Marks 0,034ms
[2023-06-26T19:16:04.369+0200][gc,marking    ] GC(5) Concurrent Scan Root Regions
[2023-06-26T19:16:04.370+0200][gc,marking    ] GC(5) Concurrent Scan Root Regions 1,086ms
[2023-06-26T19:16:04.370+0200][gc,marking    ] GC(5) Concurrent Mark (2,675s)
[2023-06-26T19:16:04.370+0200][gc,marking    ] GC(5) Concurrent Mark From Roots
[2023-06-26T19:16:04.370+0200][gc,task       ] GC(5) Using 2 workers of 2 for marking
[2023-06-26T19:16:04.387+0200][gc,marking    ] GC(5) Concurrent Mark From Roots 17,050ms
[2023-06-26T19:16:04.387+0200][gc,marking    ] GC(5) Concurrent Preclean
[2023-06-26T19:16:04.387+0200][gc,marking    ] GC(5) Concurrent Preclean 0,119ms
[2023-06-26T19:16:04.387+0200][gc,marking    ] GC(5) Concurrent Mark (2,675s, 2,692s) 17,265ms
[2023-06-26T19:16:04.387+0200][gc,start      ] GC(5) Pause Remark
[2023-06-26T19:16:04.395+0200][gc,stringtable] GC(5) Cleaned string and symbol table, strings: 10323 processed, 11 removed, symbols: 84512 processed, 14 removed
[2023-06-26T19:16:04.396+0200][gc            ] GC(5) Pause Remark 144M->144M(1024M) 8,210ms
[2023-06-26T19:16:04.396+0200][gc,cpu        ] GC(5) User=0,04s Sys=0,00s Real=0,01s
[2023-06-26T19:16:04.396+0200][gc,marking    ] GC(5) Concurrent Rebuild Remembered Sets
[2023-06-26T19:16:04.414+0200][gc,marking    ] GC(5) Concurrent Rebuild Remembered Sets 18,638ms
[2023-06-26T19:16:04.414+0200][gc,start      ] GC(5) Pause Cleanup
[2023-06-26T19:16:04.415+0200][gc            ] GC(5) Pause Cleanup 144M->144M(1024M) 0,219ms
[2023-06-26T19:16:04.415+0200][gc,cpu        ] GC(5) User=0,00s Sys=0,00s Real=0,00s
[2023-06-26T19:16:04.415+0200][gc,marking    ] GC(5) Concurrent Cleanup for Next Mark
[2023-06-26T19:16:04.423+0200][gc,marking    ] GC(5) Concurrent Cleanup for Next Mark 8,216ms
[2023-06-26T19:16:04.423+0200][gc            ] GC(5) Concurrent Cycle 54,509ms
[2023-06-26T19:18:29.475+0200][gc,start      ] GC(6) Pause Young (Normal) (G1 Evacuation Pause)
[2023-06-26T19:18:29.475+0200][gc,task       ] GC(6) Using 8 workers of 8 for evacuation
[2023-06-26T19:18:29.490+0200][gc,phases     ] GC(6)   Pre Evacuate Collection Set: 0,1ms
[2023-06-26T19:18:29.490+0200][gc,phases     ] GC(6)   Evacuate Collection Set: 13,0ms
[2023-06-26T19:18:29.490+0200][gc,phases     ] GC(6)   Post Evacuate Collection Set: 1,3ms
[2023-06-26T19:18:29.490+0200][gc,phases     ] GC(6)   Other: 0,7ms
[2023-06-26T19:18:29.490+0200][gc,heap       ] GC(6) Eden regions: 49->0(46)
[2023-06-26T19:18:29.490+0200][gc,heap       ] GC(6) Survivor regions: 2->5(7)
[2023-06-26T19:18:29.490+0200][gc,heap       ] GC(6) Old regions: 14->14
[2023-06-26T19:18:29.490+0200][gc,heap       ] GC(6) Humongous regions: 129->129
[2023-06-26T19:18:29.490+0200][gc,metaspace  ] GC(6) Metaspace: 41343K(43904K)->41343K(43904K) NonClass: 35907K(37120K)->35907K(37120K) Class: 5436K(6784K)->5436K(6784K)
[2023-06-26T19:18:29.490+0200][gc            ] GC(6) Pause Young (Normal) (G1 Evacuation Pause) 191M->144M(1024M) 15,427ms
[2023-06-26T19:18:29.490+0200][gc,cpu        ] GC(6) User=0,09s Sys=0,00s Real=0,01s
[2023-06-26T19:20:31.729+0200][gc,heap,exit  ] Heap
[2023-06-26T19:20:31.729+0200][gc,heap,exit  ]  garbage-first heap   total 1048576K, used 173053K [0x00000000c0000000, 0x0000000100000000)
[2023-06-26T19:20:31.729+0200][gc,heap,exit  ]   region size 1024K, 30 young (30720K), 5 survivors (5120K)
[2023-06-26T19:20:31.729+0200][gc,heap,exit  ]  Metaspace       used 44084K, capacity 46964K, committed 47104K, reserved 1089536K
[2023-06-26T19:20:31.729+0200][gc,heap,exit  ]   class space    used 5955K, capacity 7416K, committed 7424K, reserved 1048576K
