[2023-06-26T19:15:17.535+0200][gc,heap] Heap region size: 1M
[2023-06-26T19:15:17.554+0200][gc     ] Using G1
[2023-06-26T19:15:17.554+0200][gc,heap,coops] Heap address: 0x00000000c0000000, size: 1024 MB, Compressed Oops mode: 32-bit
[2023-06-26T19:15:17.555+0200][gc,cds       ] Mark closed archive regions in map: [0x00000000fff00000, 0x00000000fff6aff8]
[2023-06-26T19:15:17.555+0200][gc,cds       ] Mark open archive regions in map: [0x00000000ffe00000, 0x00000000ffe46ff8]
[2023-06-26T19:15:18.526+0200][gc,start     ] GC(0) Pause Young (Normal) (G1 Evacuation Pause)
[2023-06-26T19:15:18.527+0200][gc,task      ] GC(0) Using 8 workers of 8 for evacuation
[2023-06-26T19:15:18.541+0200][gc,phases    ] GC(0)   Pre Evacuate Collection Set: 0,0ms
[2023-06-26T19:15:18.541+0200][gc,phases    ] GC(0)   Evacuate Collection Set: 13,3ms
[2023-06-26T19:15:18.541+0200][gc,phases    ] GC(0)   Post Evacuate Collection Set: 0,5ms
[2023-06-26T19:15:18.541+0200][gc,phases    ] GC(0)   Other: 0,8ms
[2023-06-26T19:15:18.541+0200][gc,heap      ] GC(0) Eden regions: 51->0(44)
[2023-06-26T19:15:18.541+0200][gc,heap      ] GC(0) Survivor regions: 0->7(7)
[2023-06-26T19:15:18.541+0200][gc,heap      ] GC(0) Old regions: 2->2
[2023-06-26T19:15:18.541+0200][gc,heap      ] GC(0) Humongous regions: 0->0
[2023-06-26T19:15:18.541+0200][gc,metaspace ] GC(0) Metaspace: 14231K(15104K)->14231K(15104K) NonClass: 12484K(13056K)->12484K(13056K) Class: 1746K(2048K)->1746K(2048K)
[2023-06-26T19:15:18.541+0200][gc           ] GC(0) Pause Young (Normal) (G1 Evacuation Pause) 51M->7M(1024M) 14,758ms
[2023-06-26T19:15:18.541+0200][gc,cpu       ] GC(0) User=0,04s Sys=0,01s Real=0,01s
[2023-06-26T19:15:19.062+0200][gc,start     ] GC(1) Pause Young (Concurrent Start) (Metadata GC Threshold)
[2023-06-26T19:15:19.062+0200][gc,task      ] GC(1) Using 8 workers of 8 for evacuation
[2023-06-26T19:15:19.075+0200][gc,phases    ] GC(1)   Pre Evacuate Collection Set: 0,1ms
[2023-06-26T19:15:19.075+0200][gc,phases    ] GC(1)   Evacuate Collection Set: 11,7ms
[2023-06-26T19:15:19.075+0200][gc,phases    ] GC(1)   Post Evacuate Collection Set: 0,4ms
[2023-06-26T19:15:19.075+0200][gc,phases    ] GC(1)   Other: 0,2ms
[2023-06-26T19:15:19.075+0200][gc,heap      ] GC(1) Eden regions: 30->0(49)
[2023-06-26T19:15:19.075+0200][gc,heap      ] GC(1) Survivor regions: 7->2(7)
[2023-06-26T19:15:19.075+0200][gc,heap      ] GC(1) Old regions: 2->9
[2023-06-26T19:15:19.075+0200][gc,heap      ] GC(1) Humongous regions: 0->0
[2023-06-26T19:15:19.075+0200][gc,metaspace ] GC(1) Metaspace: 20622K(21248K)->20622K(21248K) NonClass: 18135K(18432K)->18135K(18432K) Class: 2486K(2816K)->2486K(2816K)
[2023-06-26T19:15:19.075+0200][gc           ] GC(1) Pause Young (Concurrent Start) (Metadata GC Threshold) 37M->8M(1024M) 12,568ms
[2023-06-26T19:15:19.075+0200][gc,cpu       ] GC(1) User=0,05s Sys=0,01s Real=0,01s
[2023-06-26T19:15:19.075+0200][gc           ] GC(2) Concurrent Cycle
[2023-06-26T19:15:19.075+0200][gc,marking   ] GC(2) Concurrent Clear Claimed Marks
[2023-06-26T19:15:19.075+0200][gc,marking   ] GC(2) Concurrent Clear Claimed Marks 0,164ms
[2023-06-26T19:15:19.075+0200][gc,marking   ] GC(2) Concurrent Scan Root Regions
[2023-06-26T19:15:19.081+0200][gc,marking   ] GC(2) Concurrent Scan Root Regions 5,250ms
[2023-06-26T19:15:19.081+0200][gc,marking   ] GC(2) Concurrent Mark (1,554s)
[2023-06-26T19:15:19.081+0200][gc,marking   ] GC(2) Concurrent Mark From Roots
[2023-06-26T19:15:19.081+0200][gc,task      ] GC(2) Using 2 workers of 2 for marking
[2023-06-26T19:15:19.088+0200][gc,marking   ] GC(2) Concurrent Mark From Roots 7,307ms
[2023-06-26T19:15:19.088+0200][gc,marking   ] GC(2) Concurrent Preclean
[2023-06-26T19:15:19.088+0200][gc,marking   ] GC(2) Concurrent Preclean 0,126ms
[2023-06-26T19:15:19.088+0200][gc,marking   ] GC(2) Concurrent Mark (1,554s, 1,561s) 7,493ms
[2023-06-26T19:15:19.089+0200][gc,start     ] GC(2) Pause Remark
[2023-06-26T19:15:19.092+0200][gc,stringtable] GC(2) Cleaned string and symbol table, strings: 5187 processed, 0 removed, symbols: 52729 processed, 43 removed
[2023-06-26T19:15:19.093+0200][gc            ] GC(2) Pause Remark 8M->8M(1024M) 3,933ms
[2023-06-26T19:15:19.093+0200][gc,cpu        ] GC(2) User=0,01s Sys=0,00s Real=0,00s
[2023-06-26T19:15:19.093+0200][gc,marking    ] GC(2) Concurrent Rebuild Remembered Sets
[2023-06-26T19:15:19.097+0200][gc,marking    ] GC(2) Concurrent Rebuild Remembered Sets 4,405ms
[2023-06-26T19:15:19.099+0200][gc,start      ] GC(2) Pause Cleanup
[2023-06-26T19:15:19.099+0200][gc            ] GC(2) Pause Cleanup 9M->9M(1024M) 0,472ms
[2023-06-26T19:15:19.099+0200][gc,cpu        ] GC(2) User=0,00s Sys=0,00s Real=0,00s
[2023-06-26T19:15:19.099+0200][gc,marking    ] GC(2) Concurrent Cleanup for Next Mark
[2023-06-26T19:15:19.104+0200][gc,marking    ] GC(2) Concurrent Cleanup for Next Mark 4,808ms
[2023-06-26T19:15:19.104+0200][gc            ] GC(2) Concurrent Cycle 29,113ms
[2023-06-26T19:15:20.090+0200][gc,heap,exit  ] Heap
[2023-06-26T19:15:20.090+0200][gc,heap,exit  ]  garbage-first heap   total 1048576K, used 186653K [0x00000000c0000000, 0x0000000100000000)
[2023-06-26T19:15:20.090+0200][gc,heap,exit  ]   region size 1024K, 49 young (50176K), 2 survivors (2048K)
[2023-06-26T19:15:20.090+0200][gc,heap,exit  ]  Metaspace       used 28332K, capacity 29325K, committed 29440K, reserved 1075200K
[2023-06-26T19:15:20.090+0200][gc,heap,exit  ]   class space    used 3358K, capacity 3805K, committed 3840K, reserved 1048576K
