[2023-06-26T19:14:15.707+0200][gc,heap] Heap region size: 1M
[2023-06-26T19:14:15.717+0200][gc     ] Using G1
[2023-06-26T19:14:15.717+0200][gc,heap,coops] Heap address: 0x00000000c0000000, size: 1024 MB, Compressed Oops mode: 32-bit
[2023-06-26T19:14:15.718+0200][gc,cds       ] Mark closed archive regions in map: [0x00000000fff00000, 0x00000000fff6aff8]
[2023-06-26T19:14:15.718+0200][gc,cds       ] Mark open archive regions in map: [0x00000000ffe00000, 0x00000000ffe46ff8]
[2023-06-26T19:14:16.541+0200][gc,start     ] GC(0) Pause Young (Normal) (G1 Evacuation Pause)
[2023-06-26T19:14:16.541+0200][gc,task      ] GC(0) Using 8 workers of 8 for evacuation
[2023-06-26T19:14:16.549+0200][gc,phases    ] GC(0)   Pre Evacuate Collection Set: 0,0ms
[2023-06-26T19:14:16.550+0200][gc,phases    ] GC(0)   Evacuate Collection Set: 7,6ms
[2023-06-26T19:14:16.550+0200][gc,phases    ] GC(0)   Post Evacuate Collection Set: 0,4ms
[2023-06-26T19:14:16.550+0200][gc,phases    ] GC(0)   Other: 0,6ms
[2023-06-26T19:14:16.550+0200][gc,heap      ] GC(0) Eden regions: 51->0(44)
[2023-06-26T19:14:16.550+0200][gc,heap      ] GC(0) Survivor regions: 0->7(7)
[2023-06-26T19:14:16.550+0200][gc,heap      ] GC(0) Old regions: 2->2
[2023-06-26T19:14:16.550+0200][gc,heap      ] GC(0) Humongous regions: 0->0
[2023-06-26T19:14:16.550+0200][gc,metaspace ] GC(0) Metaspace: 14229K(15104K)->14229K(15104K) NonClass: 12484K(13056K)->12484K(13056K) Class: 1744K(2048K)->1744K(2048K)
[2023-06-26T19:14:16.550+0200][gc           ] GC(0) Pause Young (Normal) (G1 Evacuation Pause) 51M->7M(1024M) 8,693ms
[2023-06-26T19:14:16.550+0200][gc,cpu       ] GC(0) User=0,05s Sys=0,01s Real=0,01s
[2023-06-26T19:14:20.373+0200][gc,start     ] GC(1) Pause Young (Concurrent Start) (Metadata GC Threshold)
[2023-06-26T19:14:20.373+0200][gc,task      ] GC(1) Using 8 workers of 8 for evacuation
[2023-06-26T19:14:20.384+0200][gc,phases    ] GC(1)   Pre Evacuate Collection Set: 0,0ms
[2023-06-26T19:14:20.384+0200][gc,phases    ] GC(1)   Evacuate Collection Set: 10,2ms
[2023-06-26T19:14:20.384+0200][gc,phases    ] GC(1)   Post Evacuate Collection Set: 0,4ms
[2023-06-26T19:14:20.384+0200][gc,phases    ] GC(1)   Other: 0,2ms
[2023-06-26T19:14:20.384+0200][gc,heap      ] GC(1) Eden regions: 30->0(49)
[2023-06-26T19:14:20.384+0200][gc,heap      ] GC(1) Survivor regions: 7->2(7)
[2023-06-26T19:14:20.384+0200][gc,heap      ] GC(1) Old regions: 2->9
[2023-06-26T19:14:20.384+0200][gc,heap      ] GC(1) Humongous regions: 0->0
[2023-06-26T19:14:20.384+0200][gc,metaspace ] GC(1) Metaspace: 20556K(21248K)->20556K(21248K) NonClass: 18055K(18432K)->18055K(18432K) Class: 2501K(2816K)->2501K(2816K)
[2023-06-26T19:14:20.384+0200][gc           ] GC(1) Pause Young (Concurrent Start) (Metadata GC Threshold) 37M->8M(1024M) 10,953ms
[2023-06-26T19:14:20.384+0200][gc,cpu       ] GC(1) User=0,06s Sys=0,01s Real=0,02s
[2023-06-26T19:14:20.384+0200][gc           ] GC(2) Concurrent Cycle
[2023-06-26T19:14:20.384+0200][gc,marking   ] GC(2) Concurrent Clear Claimed Marks
[2023-06-26T19:14:20.384+0200][gc,marking   ] GC(2) Concurrent Clear Claimed Marks 0,023ms
[2023-06-26T19:14:20.384+0200][gc,marking   ] GC(2) Concurrent Scan Root Regions
[2023-06-26T19:14:20.385+0200][gc,marking   ] GC(2) Concurrent Scan Root Regions 0,789ms
[2023-06-26T19:14:20.385+0200][gc,marking   ] GC(2) Concurrent Mark (4,681s)
[2023-06-26T19:14:20.385+0200][gc,marking   ] GC(2) Concurrent Mark From Roots
[2023-06-26T19:14:20.385+0200][gc,task      ] GC(2) Using 2 workers of 2 for marking
[2023-06-26T19:14:20.390+0200][gc,marking   ] GC(2) Concurrent Mark From Roots 4,963ms
[2023-06-26T19:14:20.390+0200][gc,marking   ] GC(2) Concurrent Preclean
[2023-06-26T19:14:20.390+0200][gc,marking   ] GC(2) Concurrent Preclean 0,105ms
[2023-06-26T19:14:20.390+0200][gc,marking   ] GC(2) Concurrent Mark (4,681s, 4,686s) 5,123ms
[2023-06-26T19:14:20.390+0200][gc,start     ] GC(2) Pause Remark
[2023-06-26T19:14:20.393+0200][gc,stringtable] GC(2) Cleaned string and symbol table, strings: 5194 processed, 0 removed, symbols: 53053 processed, 45 removed
[2023-06-26T19:14:20.393+0200][gc            ] GC(2) Pause Remark 8M->8M(1024M) 2,512ms
[2023-06-26T19:14:20.393+0200][gc,cpu        ] GC(2) User=0,01s Sys=0,00s Real=0,00s
[2023-06-26T19:14:20.393+0200][gc,marking    ] GC(2) Concurrent Rebuild Remembered Sets
[2023-06-26T19:14:20.396+0200][gc,marking    ] GC(2) Concurrent Rebuild Remembered Sets 3,217ms
[2023-06-26T19:14:20.396+0200][gc,start      ] GC(2) Pause Cleanup
[2023-06-26T19:14:20.397+0200][gc            ] GC(2) Pause Cleanup 8M->8M(1024M) 0,265ms
[2023-06-26T19:14:20.397+0200][gc,cpu        ] GC(2) User=0,01s Sys=0,00s Real=0,00s
[2023-06-26T19:14:20.397+0200][gc,marking    ] GC(2) Concurrent Cleanup for Next Mark
[2023-06-26T19:14:20.400+0200][gc,marking    ] GC(2) Concurrent Cleanup for Next Mark 3,866ms
[2023-06-26T19:14:20.401+0200][gc            ] GC(2) Concurrent Cycle 16,197ms
[2023-06-26T19:14:20.987+0200][gc,start      ] GC(3) Pause Young (Normal) (G1 Evacuation Pause)
[2023-06-26T19:14:20.987+0200][gc,task       ] GC(3) Using 8 workers of 8 for evacuation
[2023-06-26T19:14:20.992+0200][gc,phases     ] GC(3)   Pre Evacuate Collection Set: 0,0ms
[2023-06-26T19:14:20.992+0200][gc,phases     ] GC(3)   Evacuate Collection Set: 4,5ms
[2023-06-26T19:14:20.992+0200][gc,phases     ] GC(3)   Post Evacuate Collection Set: 0,3ms
[2023-06-26T19:14:20.992+0200][gc,phases     ] GC(3)   Other: 0,2ms
[2023-06-26T19:14:20.992+0200][gc,heap       ] GC(3) Eden regions: 49->0(46)
[2023-06-26T19:14:20.992+0200][gc,heap       ] GC(3) Survivor regions: 2->5(7)
[2023-06-26T19:14:20.992+0200][gc,heap       ] GC(3) Old regions: 9->9
[2023-06-26T19:14:20.992+0200][gc,heap       ] GC(3) Humongous regions: 129->129
[2023-06-26T19:14:20.992+0200][gc,metaspace  ] GC(3) Metaspace: 28791K(29952K)->28791K(29952K) NonClass: 25447K(26112K)->25447K(26112K) Class: 3343K(3840K)->3343K(3840K)
[2023-06-26T19:14:20.992+0200][gc            ] GC(3) Pause Young (Normal) (G1 Evacuation Pause) 186M->140M(1024M) 5,072ms
[2023-06-26T19:14:20.992+0200][gc,cpu        ] GC(3) User=0,03s Sys=0,00s Real=0,00s
[2023-06-26T19:14:21.272+0200][gc,start      ] GC(4) Pause Young (Concurrent Start) (Metadata GC Threshold)
[2023-06-26T19:14:21.272+0200][gc,task       ] GC(4) Using 8 workers of 8 for evacuation
[2023-06-26T19:14:21.280+0200][gc,phases     ] GC(4)   Pre Evacuate Collection Set: 0,1ms
[2023-06-26T19:14:21.280+0200][gc,phases     ] GC(4)   Evacuate Collection Set: 7,1ms
[2023-06-26T19:14:21.280+0200][gc,phases     ] GC(4)   Post Evacuate Collection Set: 0,4ms
[2023-06-26T19:14:21.280+0200][gc,phases     ] GC(4)   Other: 0,2ms
[2023-06-26T19:14:21.280+0200][gc,heap       ] GC(4) Eden regions: 29->0(49)
[2023-06-26T19:14:21.280+0200][gc,heap       ] GC(4) Survivor regions: 5->2(7)
[2023-06-26T19:14:21.280+0200][gc,heap       ] GC(4) Old regions: 9->13
[2023-06-26T19:14:21.280+0200][gc,heap       ] GC(4) Humongous regions: 129->129
[2023-06-26T19:14:21.280+0200][gc,metaspace  ] GC(4) Metaspace: 34413K(35840K)->34413K(35840K) NonClass: 30372K(31104K)->30372K(31104K) Class: 4040K(4736K)->4040K(4736K)
[2023-06-26T19:14:21.280+0200][gc            ] GC(4) Pause Young (Concurrent Start) (Metadata GC Threshold) 169M->142M(1024M) 7,918ms
[2023-06-26T19:14:21.280+0200][gc,cpu        ] GC(4) User=0,04s Sys=0,00s Real=0,01s
[2023-06-26T19:14:21.280+0200][gc            ] GC(5) Concurrent Cycle
[2023-06-26T19:14:21.280+0200][gc,marking    ] GC(5) Concurrent Clear Claimed Marks
[2023-06-26T19:14:21.280+0200][gc,marking    ] GC(5) Concurrent Clear Claimed Marks 0,059ms
[2023-06-26T19:14:21.280+0200][gc,marking    ] GC(5) Concurrent Scan Root Regions
[2023-06-26T19:14:21.282+0200][gc,marking    ] GC(5) Concurrent Scan Root Regions 1,401ms
[2023-06-26T19:14:21.282+0200][gc,marking    ] GC(5) Concurrent Mark (5,578s)
[2023-06-26T19:14:21.282+0200][gc,marking    ] GC(5) Concurrent Mark From Roots
[2023-06-26T19:14:21.282+0200][gc,task       ] GC(5) Using 2 workers of 2 for marking
[2023-06-26T19:14:21.297+0200][gc,marking    ] GC(5) Concurrent Mark From Roots 15,284ms
[2023-06-26T19:14:21.297+0200][gc,marking    ] GC(5) Concurrent Preclean
[2023-06-26T19:14:21.297+0200][gc,marking    ] GC(5) Concurrent Preclean 0,153ms
[2023-06-26T19:14:21.297+0200][gc,marking    ] GC(5) Concurrent Mark (5,578s, 5,593s) 15,506ms
[2023-06-26T19:14:21.298+0200][gc,start      ] GC(5) Pause Remark
[2023-06-26T19:14:21.301+0200][gc,stringtable] GC(5) Cleaned string and symbol table, strings: 10389 processed, 11 removed, symbols: 84629 processed, 13 removed
[2023-06-26T19:14:21.301+0200][gc            ] GC(5) Pause Remark 145M->145M(1024M) 3,911ms
[2023-06-26T19:14:21.301+0200][gc,cpu        ] GC(5) User=0,02s Sys=0,01s Real=0,00s
[2023-06-26T19:14:21.302+0200][gc,marking    ] GC(5) Concurrent Rebuild Remembered Sets
[2023-06-26T19:14:21.311+0200][gc,marking    ] GC(5) Concurrent Rebuild Remembered Sets 9,103ms
[2023-06-26T19:14:21.311+0200][gc,start      ] GC(5) Pause Cleanup
[2023-06-26T19:14:21.311+0200][gc            ] GC(5) Pause Cleanup 146M->146M(1024M) 0,290ms
[2023-06-26T19:14:21.311+0200][gc,cpu        ] GC(5) User=0,00s Sys=0,00s Real=0,00s
[2023-06-26T19:14:21.311+0200][gc,marking    ] GC(5) Concurrent Cleanup for Next Mark
[2023-06-26T19:14:21.317+0200][gc,marking    ] GC(5) Concurrent Cleanup for Next Mark 5,946ms
[2023-06-26T19:14:21.317+0200][gc            ] GC(5) Concurrent Cycle 36,796ms
[2023-06-26T19:15:55.090+0200][gc,heap,exit  ] Heap
[2023-06-26T19:15:55.090+0200][gc,heap,exit  ]  garbage-first heap   total 1048576K, used 166366K [0x00000000c0000000, 0x0000000100000000)
[2023-06-26T19:15:55.090+0200][gc,heap,exit  ]   region size 1024K, 23 young (23552K), 2 survivors (2048K)
[2023-06-26T19:15:55.090+0200][gc,heap,exit  ]  Metaspace       used 36895K, capacity 38506K, committed 38656K, reserved 1083392K
[2023-06-26T19:15:55.090+0200][gc,heap,exit  ]   class space    used 4518K, capacity 5322K, committed 5376K, reserved 1048576K
