[2023-06-26T19:08:59.980+0200][gc,heap] Heap region size: 1M
[2023-06-26T19:08:59.984+0200][gc     ] Using G1
[2023-06-26T19:08:59.984+0200][gc,heap,coops] Heap address: 0x00000000e0000000, size: 512 MB, Compressed Oops mode: 32-bit
[2023-06-26T19:08:59.984+0200][gc,cds       ] Mark closed archive regions in map: [0x00000000fff00000, 0x00000000fff6aff8]
[2023-06-26T19:08:59.985+0200][gc,cds       ] Mark open archive regions in map: [0x00000000ffe00000, 0x00000000ffe46ff8]
[2023-06-26T19:09:00.585+0200][gc,start     ] GC(0) Pause Young (Normal) (G1 Evacuation Pause)
[2023-06-26T19:09:00.585+0200][gc,task      ] GC(0) Using 8 workers of 8 for evacuation
[2023-06-26T19:09:00.598+0200][gc,phases    ] GC(0)   Pre Evacuate Collection Set: 0,0ms
[2023-06-26T19:09:00.598+0200][gc,phases    ] GC(0)   Evacuate Collection Set: 9,4ms
[2023-06-26T19:09:00.598+0200][gc,phases    ] GC(0)   Post Evacuate Collection Set: 2,7ms
[2023-06-26T19:09:00.598+0200][gc,phases    ] GC(0)   Other: 0,8ms
[2023-06-26T19:09:00.598+0200][gc,heap      ] GC(0) Eden regions: 25->0(21)
[2023-06-26T19:09:00.598+0200][gc,heap      ] GC(0) Survivor regions: 0->4(4)
[2023-06-26T19:09:00.598+0200][gc,heap      ] GC(0) Old regions: 2->5
[2023-06-26T19:09:00.598+0200][gc,heap      ] GC(0) Humongous regions: 0->0
[2023-06-26T19:09:00.598+0200][gc,metaspace ] GC(0) Metaspace: 7296K(7936K)->7296K(7936K) NonClass: 6481K(6912K)->6481K(6912K) Class: 815K(1024K)->815K(1024K)
[2023-06-26T19:09:00.598+0200][gc           ] GC(0) Pause Young (Normal) (G1 Evacuation Pause) 25M->7M(512M) 13,084ms
[2023-06-26T19:09:00.598+0200][gc,cpu       ] GC(0) User=0,06s Sys=0,00s Real=0,01s
[2023-06-26T19:12:45.655+0200][gc,heap,exit ] Heap
[2023-06-26T19:12:45.655+0200][gc,heap,exit ]  garbage-first heap   total 524288K, used 11902K [0x00000000e0000000, 0x0000000100000000)
[2023-06-26T19:12:45.655+0200][gc,heap,exit ]   region size 1024K, 9 young (9216K), 4 survivors (4096K)
[2023-06-26T19:12:45.655+0200][gc,heap,exit ]  Metaspace       used 7976K, capacity 8368K, committed 8576K, reserved 1056768K
[2023-06-26T19:12:45.655+0200][gc,heap,exit ]   class space    used 894K, capacity 1053K, committed 1152K, reserved 1048576K
