[2023-06-26T19:14:19.144+0200][gc,heap] Heap region size: 1M
[2023-06-26T19:14:19.149+0200][gc     ] Using G1
[2023-06-26T19:14:19.149+0200][gc,heap,coops] Heap address: 0x00000000e0000000, size: 512 MB, Compressed Oops mode: 32-bit
[2023-06-26T19:14:19.149+0200][gc,cds       ] Mark closed archive regions in map: [0x00000000fff00000, 0x00000000fff6aff8]
[2023-06-26T19:14:19.149+0200][gc,cds       ] Mark open archive regions in map: [0x00000000ffe00000, 0x00000000ffe46ff8]
[2023-06-26T19:14:19.714+0200][gc,start     ] GC(0) Pause Young (Normal) (G1 Evacuation Pause)
[2023-06-26T19:14:19.718+0200][gc,task      ] GC(0) Using 8 workers of 8 for evacuation
[2023-06-26T19:14:19.738+0200][gc,mmu       ] GC(0) MMU target violated: 20,0ms (20,0ms/21,0ms)
[2023-06-26T19:14:19.738+0200][gc,phases    ] GC(0)   Pre Evacuate Collection Set: 0,0ms
[2023-06-26T19:14:19.738+0200][gc,phases    ] GC(0)   Evacuate Collection Set: 19,6ms
[2023-06-26T19:14:19.738+0200][gc,phases    ] GC(0)   Post Evacuate Collection Set: 0,4ms
[2023-06-26T19:14:19.738+0200][gc,phases    ] GC(0)   Other: 4,5ms
[2023-06-26T19:14:19.738+0200][gc,heap      ] GC(0) Eden regions: 25->0(21)
[2023-06-26T19:14:19.738+0200][gc,heap      ] GC(0) Survivor regions: 0->4(4)
[2023-06-26T19:14:19.738+0200][gc,heap      ] GC(0) Old regions: 2->5
[2023-06-26T19:14:19.738+0200][gc,heap      ] GC(0) Humongous regions: 0->0
[2023-06-26T19:14:19.738+0200][gc,metaspace ] GC(0) Metaspace: 7232K(7680K)->7232K(7680K) NonClass: 6416K(6656K)->6416K(6656K) Class: 815K(1024K)->815K(1024K)
[2023-06-26T19:14:19.738+0200][gc           ] GC(0) Pause Young (Normal) (G1 Evacuation Pause) 25M->7M(512M) 24,540ms
[2023-06-26T19:14:19.738+0200][gc,cpu       ] GC(0) User=0,08s Sys=0,00s Real=0,02s
[2023-06-26T19:20:31.268+0200][gc,heap,exit ] Heap
[2023-06-26T19:20:31.268+0200][gc,heap,exit ]  garbage-first heap   total 524288K, used 23230K [0x00000000e0000000, 0x0000000100000000)
[2023-06-26T19:20:31.268+0200][gc,heap,exit ]   region size 1024K, 20 young (20480K), 4 survivors (4096K)
[2023-06-26T19:20:31.268+0200][gc,heap,exit ]  Metaspace       used 8983K, capacity 9338K, committed 9600K, reserved 1058816K
[2023-06-26T19:20:31.268+0200][gc,heap,exit ]   class space    used 973K, capacity 1120K, committed 1152K, reserved 1048576K
