[2023-06-03T11:45:23.130+0200][gc,heap] Heap region size: 1M
[2023-06-03T11:45:23.142+0200][gc     ] Using G1
[2023-06-03T11:45:23.142+0200][gc,heap,coops] Heap address: 0x00000000e0000000, size: 512 MB, Compressed Oops mode: 32-bit
[2023-06-03T11:45:23.142+0200][gc,cds       ] Mark closed archive regions in map: [0x00000000fff00000, 0x00000000fff6aff8]
[2023-06-03T11:45:23.142+0200][gc,cds       ] Mark open archive regions in map: [0x00000000ffe00000, 0x00000000ffe46ff8]
[2023-06-03T11:45:23.524+0200][gc,start     ] GC(0) Pause Young (Normal) (G1 Evacuation Pause)
[2023-06-03T11:45:23.526+0200][gc,task      ] GC(0) Using 8 workers of 8 for evacuation
[2023-06-03T11:45:23.535+0200][gc,phases    ] GC(0)   Pre Evacuate Collection Set: 0,0ms
[2023-06-03T11:45:23.536+0200][gc,phases    ] GC(0)   Evacuate Collection Set: 9,4ms
[2023-06-03T11:45:23.536+0200][gc,phases    ] GC(0)   Post Evacuate Collection Set: 0,2ms
[2023-06-03T11:45:23.536+0200][gc,phases    ] GC(0)   Other: 1,6ms
[2023-06-03T11:45:23.536+0200][gc,heap      ] GC(0) Eden regions: 25->0(21)
[2023-06-03T11:45:23.536+0200][gc,heap      ] GC(0) Survivor regions: 0->4(4)
[2023-06-03T11:45:23.536+0200][gc,heap      ] GC(0) Old regions: 2->5
[2023-06-03T11:45:23.536+0200][gc,heap      ] GC(0) Humongous regions: 0->0
[2023-06-03T11:45:23.536+0200][gc,metaspace ] GC(0) Metaspace: 7337K(7936K)->7337K(7936K) NonClass: 6519K(6912K)->6519K(6912K) Class: 818K(1024K)->818K(1024K)
[2023-06-03T11:45:23.536+0200][gc           ] GC(0) Pause Young (Normal) (G1 Evacuation Pause) 25M->7M(512M) 11,274ms
[2023-06-03T11:45:23.536+0200][gc,cpu       ] GC(0) User=0,03s Sys=0,01s Real=0,01s
[2023-06-03T12:07:57.209+0200][gc,heap,exit ] Heap
[2023-06-03T12:07:57.209+0200][gc,heap,exit ]  garbage-first heap   total 524288K, used 20925K [0x00000000e0000000, 0x0000000100000000)
[2023-06-03T12:07:57.209+0200][gc,heap,exit ]   region size 1024K, 18 young (18432K), 4 survivors (4096K)
[2023-06-03T12:07:57.209+0200][gc,heap,exit ]  Metaspace       used 9094K, capacity 9466K, committed 9600K, reserved 1058816K
[2023-06-03T12:07:57.209+0200][gc,heap,exit ]   class space    used 974K, capacity 1120K, committed 1152K, reserved 1048576K
